 AndorNeo

 Timestamp is 6256c7f1 (Wed Apr 13 14:54:09 2022)

 Preferred load address is 10000000

 Start         Length     Name                   Class
 0001:00000000 00010000H .textbss                DATA
 0002:00000000 000025b0H .text$di                CODE
 0002:000025b0 0000c1e0H .text$mn                CODE
 0002:0000e790 00001260H .text$x                 CODE
 0002:0000f9f0 00001012H .text$yd                CODE
 0003:00000000 00000104H .CRT$XCA                DATA
 0003:00000104 00000104H .CRT$XCL                DATA
 0003:00000208 00000104H .CRT$XCZ                DATA
 0003:0000030c 00000104H .CRT$XIA                DATA
 0003:00000410 00000104H .CRT$XIZ                DATA
 0003:00000514 00000104H .CRT$XPA                DATA
 0003:00000618 00000104H .CRT$XPZ                DATA
 0003:0000071c 00000104H .CRT$XTA                DATA
 0003:00000820 00000108H .CRT$XTZ                DATA
 0003:00000928 00001718H .rdata                  DATA
 0003:00002040 00000104H .rdata$CastGuardVftablesA DATA
 0003:00002144 00000104H .rdata$CastGuardVftablesC DATA
 0003:00002248 00000598H .rdata$r                DATA
 0003:000027e0 000001acH .rdata$zzzdbg           DATA
 0003:0000298c 00000104H .rtc$IAA                DATA
 0003:00002a90 0000010cH .rtc$IMZ                DATA
 0003:00002b9c 00000104H .rtc$IZZ                DATA
 0003:00002ca0 00000104H .rtc$TAA                DATA
 0003:00002da4 0000010cH .rtc$TMZ                DATA
 0003:00002eb0 00000108H .rtc$TZZ                DATA
 0003:00002fb8 00000648H .xdata$x                DATA
 0003:00003600 000001abH .edata                  DATA
 0004:00000000 00000140H .data                   DATA
 0004:00000140 0000019cH .data$r                 DATA
 0004:000002dc 000002ccH .data$rs                DATA
 0004:000005a8 00000480H .bss                    DATA
 0005:00000000 00000398H .idata$5                DATA
 0005:00000398 00000064H .idata$2                DATA
 0005:000003fc 00000014H .idata$3                DATA
 0005:00000410 00000398H .idata$4                DATA
 0005:000007a8 0000160bH .idata$6                DATA
 0006:00000000 00000109H .00cfg                  DATA
 0007:00000000 00000170H .rsrc$01                DATA
 0007:00000170 000002ccH .rsrc$02                DATA

  Address         Publics by Value              Rva+Base       Lib:Object

 0000:00000000       ___x64_code_ranges_to_entry_points 00000000     <absolute>
 0000:00000000       ___hybrid_auxiliary_iat    00000000     <absolute>
 0000:00000000       ___hybrid_auxiliary_iat_copy 00000000     <absolute>
 0000:00000000       ___enclave_config          00000000     <absolute>
 0000:00000000       ___safe_se_handler_table   00000000     <absolute>
 0000:00000000       ___guard_fids_count        00000000     <absolute>
 0000:00000000       ___arm64x_extra_rfe_table_size 00000000     <absolute>
 0000:00000000       ___guard_iat_count         00000000     <absolute>
 0000:00000000       ___AbsoluteZero            00000000     <absolute>
 0000:00000000       ___arm64x_native_entrypoint 00000000     <absolute>
 0000:00000000       ___hybrid_code_map         00000000     <absolute>
 0000:00000000       ___guard_fids_table        00000000     <absolute>
 0000:00000000       ___guard_iat_table         00000000     <absolute>
 0000:00000000       ___arm64x_redirection_metadata_count 00000000     <absolute>
 0000:00000000       ___guard_longjmp_table     00000000     <absolute>
 0000:00000000       ___guard_check_icall_a64n_fptr 00000000     <absolute>
 0000:00000000       ___volatile_metadata       00000000     <absolute>
 0000:00000000       ___arm64x_extra_rfe_table  00000000     <absolute>
 0000:00000000       ___arm64x_redirection_metadata 00000000     <absolute>
 0000:00000000       ___guard_eh_cont_table     00000000     <absolute>
 0000:00000000       ___x64_code_ranges_to_entry_points_count 00000000     <absolute>
 0000:00000000       ___guard_longjmp_count     00000000     <absolute>
 0000:00000000       ___guard_eh_cont_count     00000000     <absolute>
 0000:00000000       ___dynamic_value_reloc_table 00000000     <absolute>
 0000:00000000       ___hybrid_code_map_count   00000000     <absolute>
 0000:00000000       ___safe_se_handler_count   00000000     <absolute>
 0000:00000100       ___guard_flags             00000100     <absolute>
 0000:00000000       ___ImageBase               10000000     <linker-defined>
 0001:00000000       __enc$textbss$begin        10001000     <linker-defined>
 0001:00010000       __enc$textbss$end          10011000     <linker-defined>
 0002:000025b0       ??$?0$$V@?$_Compressed_pair@V?$allocator@D@std@@V?$_String_val@U?$_Simple_types@D@std@@@2@$00@std@@QAE@U_Zero_then_variadic_args_t@1@@Z 100135b0 f i AndorNeoDll.obj
 0002:00002610       ??$?0AAPAV_Facet_base@std@@@?$_Compressed_pair@U?$default_delete@V_Facet_base@std@@@std@@PAV_Facet_base@2@$00@std@@QAE@U_Zero_then_variadic_args_t@1@AAPAV_Facet_base@1@@Z 10013610 f i AndorNeoDll.obj
 0002:00002670       ??$?0D@?$allocator@U_Container_proxy@std@@@std@@QAE@ABV?$allocator@D@1@@Z 10013670 f i AndorNeoDll.obj
 0002:000026a0       ??$?0U?$default_delete@V_Facet_base@std@@@std@@$0A@@?$unique_ptr@V_Facet_base@std@@U?$default_delete@V_Facet_base@std@@@2@@std@@QAE@PAV_Facet_base@1@@Z 100136a0 f i AndorNeoDll.obj
 0002:00002700       ??$?6U?$char_traits@D@std@@@std@@YAAAV?$basic_ostream@DU?$char_traits@D@std@@@0@AAV10@PBD@Z 10013700 f i AndorNeoDll.obj
 0002:00002cb0       ??$_Alloc_proxy@V?$allocator@U_Container_proxy@std@@@std@@@_Container_base12@std@@QAEX$$QAV?$allocator@U_Container_proxy@std@@@1@@Z 10013cb0 f i AndorNeoDll.obj
 0002:00002d50       ??$_Allocate@$07U_Default_allocate_traits@std@@$0A@@std@@YAPAXI@Z 10013d50 f i AndorNeoDll.obj
 0002:00002dc0       ??$_Allocate_manually_vector_aligned@U_Default_allocate_traits@std@@@std@@YAPAXI@Z 10013dc0 f i AndorNeoDll.obj
 0002:00002ef0       ??$_Construct_in_place@PADABQAD@std@@YAXAAPADABQAD@Z 10013ef0 f i AndorNeoDll.obj
 0002:00002f80       ??$_Construct_in_place@U_Container_proxy@std@@PAU_Container_base12@2@@std@@YAXAAU_Container_proxy@0@$$QAPAU_Container_base12@0@@Z 10013f80 f i AndorNeoDll.obj
 0002:00003010       ??$_Deallocate@$07$0A@@std@@YAXPAXI@Z 10014010 f i AndorNeoDll.obj
 0002:000030b0       ??$_Deallocate_plain@V?$allocator@U_Container_proxy@std@@@std@@@std@@YAXAAV?$allocator@U_Container_proxy@std@@@0@QAU_Container_proxy@0@@Z 100140b0 f i AndorNeoDll.obj
 0002:00003130       ??$_Delete_plain_internal@V?$allocator@U_Container_proxy@std@@@std@@@std@@YAXAAV?$allocator@U_Container_proxy@std@@@0@QAU_Container_proxy@0@@Z 10014130 f i AndorNeoDll.obj
 0002:00003180       ??$_Destroy_in_place@PAD@std@@YAXAAPAD@Z 10014180 f i AndorNeoDll.obj
 0002:000031a0       ??$_Fgetc@D@std@@YA_NAADPAU_iobuf@@@Z 100141a0 f i AndorNeoDll.obj
 0002:00003220       ??$_Fputc@D@std@@YA_NDPAU_iobuf@@@Z 10014220 f i AndorNeoDll.obj
 0002:000032b0       ??$_Get_size_of_n@$00@std@@YAII@Z 100142b0 f i AndorNeoDll.obj
 0002:000032d0       ??$_Get_size_of_n@$07@std@@YAII@Z 100142d0 f i AndorNeoDll.obj
 0002:00003340       ??$_Reallocate_grow_by@V<lambda_15711c68e099a15a58f4d77303cb286d>@@D@?$basic_string@DU?$char_traits@D@std@@V?$allocator@D@2@@std@@AAEAAV01@IV<lambda_15711c68e099a15a58f4d77303cb286d>@@D@Z 10014340 f i AndorNeoDll.obj
 0002:00003510       ??$_Unfancy@D@std@@YAPADPAD@Z 10014510 f i AndorNeoDll.obj
 0002:00003530       ??$_Unfancy@U_Container_proxy@std@@@std@@YAPAU_Container_proxy@0@PAU10@@Z 10014530 f i AndorNeoDll.obj
 0002:00003550       ??$_Ungetc@D@std@@YA_NABDPAU_iobuf@@@Z 10014550 f i AndorNeoDll.obj
 0002:000035e0       ??$_Voidify_iter@PAPAD@std@@YAPAXPAPAD@Z 100145e0 f i AndorNeoDll.obj
 0002:00003600       ??$_Voidify_iter@PAU_Container_proxy@std@@@std@@YAPAXPAU_Container_proxy@0@@Z 10014600 f i AndorNeoDll.obj
 0002:00003620       ??$_strdate_s@$08@@YAHAAY08D@Z 10014620 f i AndorNeoDll.obj
 0002:00003680       ??$_strtime_s@$08@@YAHAAY08D@Z 10014680 f i AndorNeoDll.obj
 0002:000036e0       ??$addressof@$$CBV?$codecvt@DDU_Mbstatet@@@std@@@std@@YAPBV?$codecvt@DDU_Mbstatet@@@0@ABV10@@Z 100146e0 f i AndorNeoDll.obj
 0002:00003700       ??$addressof@PAD@std@@YAPAPADAAPAD@Z 10014700 f i AndorNeoDll.obj
 0002:00003720       ??$addressof@U_Container_proxy@std@@@std@@YAPAU_Container_proxy@0@AAU10@@Z 10014720 f i AndorNeoDll.obj
 0002:00003740       ??$addressof@V?$basic_filebuf@DU?$char_traits@D@std@@@std@@@std@@YAPAV?$basic_filebuf@DU?$char_traits@D@std@@@0@AAV10@@Z 10014740 f i AndorNeoDll.obj
 0002:00003760       ??$endl@DU?$char_traits@D@std@@@std@@YAAAV?$basic_ostream@DU?$char_traits@D@std@@@0@AAV10@@Z 10014760 f i AndorNeoDll.obj
 0002:00003800       ??$exchange@PAV_Facet_base@std@@$$T@std@@YAPAV_Facet_base@0@AAPAV10@$$QA$$T@Z 10014800 f i AndorNeoDll.obj
 0002:00003840       ??$forward@AAPAV_Facet_base@std@@@std@@YAAAPAV_Facet_base@0@AAPAV10@@Z 10014840 f i AndorNeoDll.obj
 0002:00003860       ??$forward@ABQAD@std@@YAABQADABQAD@Z 10014860 f i AndorNeoDll.obj
 0002:00003880       ??$forward@PAU_Container_base12@std@@@std@@YA$$QAPAU_Container_base12@0@AAPAU10@@Z 10014880 f i AndorNeoDll.obj
 0002:000038a0       ??$max@I@std@@YAABIABI0@Z  100148a0 f i AndorNeoDll.obj
 0002:00003900       ??$min@I@std@@YAABIABI0@Z  10014900 f i AndorNeoDll.obj
 0002:00003960       ??$use_facet@V?$codecvt@DDU_Mbstatet@@@std@@@std@@YAABV?$codecvt@DDU_Mbstatet@@@0@ABVlocale@0@@Z 10014960 f i AndorNeoDll.obj
 0002:00003b80       ??0?$_String_val@U?$_Simple_types@D@std@@@std@@QAE@XZ 10014b80 f i AndorNeoDll.obj
 0002:00003c00       ??0?$allocator@D@std@@QAE@XZ 10014c00 f i AndorNeoDll.obj
 0002:00003c20       ??0?$basic_filebuf@DU?$char_traits@D@std@@@std@@QAE@XZ 10014c20 f i AndorNeoDll.obj
 0002:00003cd0       ??0?$basic_ofstream@DU?$char_traits@D@std@@@std@@QAE@XZ 10014cd0 f i AndorNeoDll.obj
 0002:00003e20       ??0?$basic_string@DU?$char_traits@D@std@@V?$allocator@D@2@@std@@QAE@XZ 10014e20 f i AndorNeoDll.obj
 0002:00003ee0       ??0?$fpos@U_Mbstatet@@@std@@QAE@U_Mbstatet@@_J@Z 10014ee0 f i AndorNeoDll.obj
 0002:00003f40       ??0?$fpos@U_Mbstatet@@@std@@QAE@_J@Z 10014f40 f i AndorNeoDll.obj
 0002:00003fa0       ??0_Bxty@?$_String_val@U?$_Simple_types@D@std@@@std@@QAE@XZ 10014fa0 f i AndorNeoDll.obj
 0002:00003fd0       ??0_Container_base12@std@@QAE@XZ 10014fd0 f i AndorNeoDll.obj
 0002:00004000       ??0_Container_proxy@std@@QAE@PAU_Container_base12@1@@Z 10015000 f i AndorNeoDll.obj
 0002:00004040       ??0_Sentry_base@?$basic_ostream@DU?$char_traits@D@std@@@std@@QAE@AAV12@@Z 10015040 f i AndorNeoDll.obj
 0002:000040f0       ??0bad_alloc@std@@AAE@QBD@Z 100150f0 f i AndorNeoDll.obj
 0002:00004160       ??0bad_alloc@std@@QAE@ABV01@@Z 10015160 f i AndorNeoDll.obj
 0002:000041d0       ??0bad_array_new_length@std@@QAE@ABV01@@Z 100151d0 f i AndorNeoDll.obj
 0002:00004240       ??0bad_array_new_length@std@@QAE@XZ 10015240 f i AndorNeoDll.obj
 0002:000042a0       ??0bad_cast@std@@QAE@ABV01@@Z 100152a0 f i AndorNeoDll.obj
 0002:00004310       ??0bad_cast@std@@QAE@XZ    10015310 f i AndorNeoDll.obj
 0002:00004380       ??0exception@std@@QAE@ABV01@@Z 10015380 f i AndorNeoDll.obj
 0002:00004400       ??0exception@std@@QAE@QBDH@Z 10015400 f i AndorNeoDll.obj
 0002:00004450       ??0sentry@?$basic_ostream@DU?$char_traits@D@std@@@std@@QAE@AAV12@@Z 10015450 f i AndorNeoDll.obj
 0002:000045a0       ??1?$_Compressed_pair@V?$allocator@D@std@@V?$_String_val@U?$_Simple_types@D@std@@@2@$00@std@@QAE@XZ 100155a0 f i AndorNeoDll.obj
 0002:000045f0       ??1?$_String_val@U?$_Simple_types@D@std@@@std@@QAE@XZ 100155f0 f i AndorNeoDll.obj
 0002:00004640       ??1?$basic_filebuf@DU?$char_traits@D@std@@@std@@UAE@XZ 10015640 f i AndorNeoDll.obj
 0002:00004700       ??1?$basic_ofstream@DU?$char_traits@D@std@@@std@@UAE@XZ 10015700 f i AndorNeoDll.obj
 0002:000047b0       ??1?$basic_string@DU?$char_traits@D@std@@V?$allocator@D@2@@std@@QAE@XZ 100157b0 f i AndorNeoDll.obj
 0002:00004890       ??1?$unique_ptr@V_Facet_base@std@@U?$default_delete@V_Facet_base@std@@@2@@std@@QAE@XZ 10015890 f i AndorNeoDll.obj
 0002:00004900       ??1_Bxty@?$_String_val@U?$_Simple_types@D@std@@@std@@QAE@XZ 10015900 f i AndorNeoDll.obj
 0002:00004920       ??1_Sentry_base@?$basic_ostream@DU?$char_traits@D@std@@@std@@QAE@XZ 10015920 f i AndorNeoDll.obj
 0002:000049f0       ??1bad_alloc@std@@UAE@XZ   100159f0 f i AndorNeoDll.obj
 0002:00004a40       ??1bad_array_new_length@std@@UAE@XZ 10015a40 f i AndorNeoDll.obj
 0002:00004a90       ??1bad_cast@std@@UAE@XZ    10015a90 f i AndorNeoDll.obj
 0002:00004ae0       ??1exception@std@@UAE@XZ   10015ae0 f i AndorNeoDll.obj
 0002:00004b40       ??1locale@std@@QAE@XZ      10015b40 f i AndorNeoDll.obj
 0002:00004c00       ??1sentry@?$basic_ostream@DU?$char_traits@D@std@@@std@@QAE@XZ 10015c00 f i AndorNeoDll.obj
 0002:00004cd0       ??2@YAPAXIPAX@Z            10015cd0 f i AndorNeoDll.obj
 0002:00004cf0       ??B?$fpos@U_Mbstatet@@@std@@QBE_JXZ 10015cf0 f i AndorNeoDll.obj
 0002:00004d30       ??Bsentry@?$basic_ostream@DU?$char_traits@D@std@@@std@@QBE_NXZ 10015d30 f i AndorNeoDll.obj
 0002:00004d60       ??R<lambda_15711c68e099a15a58f4d77303cb286d>@@QBE@QADQBDID@Z 10015d60 f i AndorNeoDll.obj
 0002:00004e00       ??R?$default_delete@V_Facet_base@std@@@std@@QBEXPAV_Facet_base@1@@Z 10015e00 f i AndorNeoDll.obj
 0002:00004ea0       ??_D?$basic_ofstream@DU?$char_traits@D@std@@@std@@QAEXXZ 10015ea0 f i AndorNeoDll.obj
 0002:00004f09       ??_E?$basic_ofstream@DU?$char_traits@D@std@@@std@@$4PPPPPPPM@A@AEPAXI@Z 10015f09 f i AndorNeoDll.obj
 0002:00004f20       ??_E?$basic_filebuf@DU?$char_traits@D@std@@@std@@UAEPAXI@Z 10015f20 f i AndorNeoDll.obj
 0002:00004f20       ??_G?$basic_filebuf@DU?$char_traits@D@std@@@std@@UAEPAXI@Z 10015f20 f i AndorNeoDll.obj
 0002:00004f90       ??_E?$basic_ofstream@DU?$char_traits@D@std@@@std@@UAEPAXI@Z 10015f90 f i AndorNeoDll.obj
 0002:00004f90       ??_G?$basic_ofstream@DU?$char_traits@D@std@@@std@@UAEPAXI@Z 10015f90 f i AndorNeoDll.obj
 0002:00005010       ??_Ebad_alloc@std@@UAEPAXI@Z 10016010 f i AndorNeoDll.obj
 0002:00005010       ??_Gbad_alloc@std@@UAEPAXI@Z 10016010 f i AndorNeoDll.obj
 0002:00005080       ??_Ebad_array_new_length@std@@UAEPAXI@Z 10016080 f i AndorNeoDll.obj
 0002:00005080       ??_Gbad_array_new_length@std@@UAEPAXI@Z 10016080 f i AndorNeoDll.obj
 0002:000050f0       ??_Ebad_cast@std@@UAEPAXI@Z 100160f0 f i AndorNeoDll.obj
 0002:000050f0       ??_Gbad_cast@std@@UAEPAXI@Z 100160f0 f i AndorNeoDll.obj
 0002:00005160       ??_Gexception@std@@UAEPAXI@Z 10016160 f i AndorNeoDll.obj
 0002:00005160       ??_Eexception@std@@UAEPAXI@Z 10016160 f i AndorNeoDll.obj
 0002:000051d0       ?_Adjust_manually_vector_aligned@std@@YAXAAPAXAAI@Z 100161d0 f i AndorNeoDll.obj
 0002:00005390       ?_Allocate@_Default_allocate_traits@std@@SAPAXI@Z 10016390 f i AndorNeoDll.obj
 0002:000053e0       ?_Calculate_growth@?$basic_string@DU?$char_traits@D@std@@V?$allocator@D@2@@std@@ABEII@Z 100163e0 f i AndorNeoDll.obj
 0002:00005450       ?_Calculate_growth@?$basic_string@DU?$char_traits@D@std@@V?$allocator@D@2@@std@@CAIIII@Z 10016450 f i AndorNeoDll.obj
 0002:00005530       ?_Check_offset@?$_String_val@U?$_Simple_types@D@std@@@std@@QBEXI@Z 10016530 f i AndorNeoDll.obj
 0002:00005590       ?_Clamp_suffix_size@?$_String_val@U?$_Simple_types@D@std@@@std@@QBEIII@Z 10016590 f i AndorNeoDll.obj
 0002:00005600       ?_Endwrite@?$basic_filebuf@DU?$char_traits@D@std@@@std@@IAE_NXZ 10016600 f i AndorNeoDll.obj
 0002:00005810       ?_Erase_noexcept@?$basic_string@DU?$char_traits@D@std@@V?$allocator@D@2@@std@@AAEAAV12@II@Z 10016810 f i AndorNeoDll.obj
 0002:000058d0       ?_Get_first@?$_Compressed_pair@U?$default_delete@V_Facet_base@std@@@std@@PAV_Facet_base@2@$00@std@@QAEAAU?$default_delete@V_Facet_base@std@@@2@XZ 100168d0 f i AndorNeoDll.obj
 0002:000058f0       ?_Get_first@?$_Compressed_pair@V?$allocator@D@std@@V?$_String_val@U?$_Simple_types@D@std@@@2@$00@std@@QAEAAV?$allocator@D@2@XZ 100168f0 f i AndorNeoDll.obj
 0002:00005910       ?_Get_first@?$_Compressed_pair@V?$allocator@D@std@@V?$_String_val@U?$_Simple_types@D@std@@@2@$00@std@@QBEABV?$allocator@D@2@XZ 10016910 f i AndorNeoDll.obj
 0002:00005930       ?_Getal@?$basic_string@DU?$char_traits@D@std@@V?$allocator@D@2@@std@@AAEAAV?$allocator@D@2@XZ 10016930 f i AndorNeoDll.obj
 0002:00005980       ?_Getal@?$basic_string@DU?$char_traits@D@std@@V?$allocator@D@2@@std@@ABEABV?$allocator@D@2@XZ 10016980 f i AndorNeoDll.obj
 0002:000059d0       ?_Getfacet@locale@std@@QBEPBVfacet@12@I@Z 100169d0 f i AndorNeoDll.obj
 0002:00005ab0       ?_Init@?$basic_filebuf@DU?$char_traits@D@std@@@std@@IAEXPAU_iobuf@@W4_Initfl@12@@Z 10016ab0 f i AndorNeoDll.obj
 0002:00005c70       ?_Initcvt@?$basic_filebuf@DU?$char_traits@D@std@@@std@@IAEXABV?$codecvt@DDU_Mbstatet@@@2@@Z 10016c70 f i AndorNeoDll.obj
 0002:00005d10       ?_Large_string_engaged@?$_String_val@U?$_Simple_types@D@std@@@std@@QBE_NXZ 10016d10 f i AndorNeoDll.obj
 0002:00005d60       ?_Lock@?$basic_filebuf@DU?$char_traits@D@std@@@std@@UAEXXZ 10016d60 f i AndorNeoDll.obj
 0002:00005dd0       ?_Myptr@?$_String_val@U?$_Simple_types@D@std@@@std@@QAEPADXZ 10016dd0 f i AndorNeoDll.obj
 0002:00005e50       ?_Myptr@?$_String_val@U?$_Simple_types@D@std@@@std@@QBEPBDXZ 10016e50 f i AndorNeoDll.obj
 0002:00005ed0       ?_Orphan_all@_Container_base12@std@@QAEXXZ 10016ed0 f i AndorNeoDll.obj
 0002:00005f20       ?_Orphan_all_locked_v3@_Container_base12@std@@AAEXXZ 10016f20 f i AndorNeoDll.obj
 0002:00005fe0       ?_Orphan_all_unlocked_v3@_Container_base12@std@@AAEXXZ 10016fe0 f i AndorNeoDll.obj
 0002:00006060       ?_Reset_back@?$basic_filebuf@DU?$char_traits@D@std@@@std@@AAEXXZ 10017060 f i AndorNeoDll.obj
 0002:00006100       ?_Set_back@?$basic_filebuf@DU?$char_traits@D@std@@@std@@AAEXXZ 10017100 f i AndorNeoDll.obj
 0002:000061d0       ?_Throw_bad_array_new_length@std@@YAXXZ 100171d0 f i AndorNeoDll.obj
 0002:00006230       ?_Throw_bad_cast@std@@YAXXZ 10017230 f i AndorNeoDll.obj
 0002:00006290       ?_Tidy_deallocate@?$basic_string@DU?$char_traits@D@std@@V?$allocator@D@2@@std@@AAEXXZ 10017290 f i AndorNeoDll.obj
 0002:000063b0       ?_Tidy_init@?$basic_string@DU?$char_traits@D@std@@V?$allocator@D@2@@std@@AAEXXZ 100173b0 f i AndorNeoDll.obj
 0002:00006450       ?_Unlock@?$basic_filebuf@DU?$char_traits@D@std@@@std@@UAEXXZ 10017450 f i AndorNeoDll.obj
 0002:000064c0       ?_Xlen_string@std@@YAXXZ   100174c0 f i AndorNeoDll.obj
 0002:00006510       ?_Xran@?$_String_val@U?$_Simple_types@D@std@@@std@@SAXXZ 10017510 f i AndorNeoDll.obj
 0002:00006560       ?__empty_global_delete@@YAXPAX@Z 10017560 f i AndorNeoDll.obj
 0002:00006580       ?__empty_global_delete@@YAXPAXI@Z 10017580 f i AndorNeoDll.obj
 0002:00006580       ?__global_delete@@YAXPAXI@Z 10017580 f i AndorNeoDll.obj
 0002:000065a0       ?allocate@?$allocator@D@std@@QAEPADI@Z 100175a0 f i AndorNeoDll.obj
 0002:00006600       ?allocate@?$allocator@U_Container_proxy@std@@@std@@QAEPAU_Container_proxy@2@I@Z 10017600 f i AndorNeoDll.obj
 0002:00006660       ?assign@?$_Narrow_char_traits@DH@std@@SAXAADABD@Z 10017660 f i AndorNeoDll.obj
 0002:00006690       ?close@?$basic_filebuf@DU?$char_traits@D@std@@@std@@QAEPAV12@XZ 10017690 f i AndorNeoDll.obj
 0002:00006750       ?close@?$basic_ofstream@DU?$char_traits@D@std@@@std@@QAEXXZ 10017750 f i AndorNeoDll.obj
 0002:000067d0       ?copy@?$_Char_traits@DH@std@@SAPADQADQBDI@Z 100177d0 f i AndorNeoDll.obj
 0002:00006830       ?data@?$basic_string@DU?$char_traits@D@std@@V?$allocator@D@2@@std@@QBEPBDXZ 10017830 f i AndorNeoDll.obj
 0002:00006880       ?deallocate@?$_Default_allocator_traits@V?$allocator@U_Container_proxy@std@@@std@@@std@@SAXAAV?$allocator@U_Container_proxy@std@@@2@QAU_Container_proxy@2@I@Z 10017880 f i AndorNeoDll.obj
 0002:000068d0       ?deallocate@?$allocator@D@std@@QAEXQADI@Z 100178d0 f i AndorNeoDll.obj
 0002:00006930       ?eof@?$_Narrow_char_traits@DH@std@@SAHXZ 10017930 f i AndorNeoDll.obj
 0002:00006950       ?eq_int_type@?$_Narrow_char_traits@DH@std@@SA_NABH0@Z 10017950 f i AndorNeoDll.obj
 0002:000069a0       ?erase@?$basic_string@DU?$char_traits@D@std@@V?$allocator@D@2@@std@@QAEAAV12@II@Z 100179a0 f i AndorNeoDll.obj
 0002:00006a10       ?front@?$basic_string@DU?$char_traits@D@std@@V?$allocator@D@2@@std@@QAEAADXZ 10017a10 f i AndorNeoDll.obj
 0002:00006af0       ?handle_error@@YAHHH@Z     10017af0 f   AndorNeoDll.obj
 0002:00006d20       ?imbue@?$basic_filebuf@DU?$char_traits@D@std@@@std@@MAEXABVlocale@2@@Z 10017d20 f i AndorNeoDll.obj
 0002:00006d80       ?length@?$_Narrow_char_traits@DH@std@@SAIQBD@Z 10017d80 f i AndorNeoDll.obj
 0002:00006dd0       ?max@?$numeric_limits@H@std@@SAHXZ 10017dd0 f i AndorNeoDll.obj
 0002:00006df0       ?max_size@?$_Default_allocator_traits@V?$allocator@D@std@@@std@@SAIABV?$allocator@D@2@@Z 10017df0 f i AndorNeoDll.obj
 0002:00006e10       ?max_size@?$basic_string@DU?$char_traits@D@std@@V?$allocator@D@2@@std@@QBEIXZ 10017e10 f i AndorNeoDll.obj
 0002:00006f10       ?move@?$_Char_traits@DH@std@@SAPADQADQBDI@Z 10017f10 f i AndorNeoDll.obj
 0002:00006f70       ?not_eof@?$_Narrow_char_traits@DH@std@@SAHABH@Z 10017f70 f i AndorNeoDll.obj
 0002:00007010       ?open@?$basic_filebuf@DU?$char_traits@D@std@@@std@@QAEPAV12@PBDHH@Z 10018010 f i AndorNeoDll.obj
 0002:00007140       ?open@?$basic_ofstream@DU?$char_traits@D@std@@@std@@QAEXPBDHH@Z 10018140 f i AndorNeoDll.obj
 0002:00007200       ?overflow@?$basic_filebuf@DU?$char_traits@D@std@@@std@@MAEHH@Z 10018200 f i AndorNeoDll.obj
 0002:00007550       ?pbackfail@?$basic_filebuf@DU?$char_traits@D@std@@@std@@MAEHH@Z 10018550 f i AndorNeoDll.obj
 0002:000077a0       ?push_back@?$basic_string@DU?$char_traits@D@std@@V?$allocator@D@2@@std@@QAEXD@Z 100187a0 f i AndorNeoDll.obj
 0002:00007890       ?release@?$unique_ptr@V_Facet_base@std@@U?$default_delete@V_Facet_base@std@@@2@@std@@QAEPAV_Facet_base@2@XZ 10018890 f i AndorNeoDll.obj
 0002:00007900       ?seekoff@?$basic_filebuf@DU?$char_traits@D@std@@@std@@MAE?AV?$fpos@U_Mbstatet@@@2@_JHH@Z 10018900 f i AndorNeoDll.obj
 0002:00007ab0       ?seekpos@?$basic_filebuf@DU?$char_traits@D@std@@@std@@MAE?AV?$fpos@U_Mbstatet@@@2@V32@H@Z 10018ab0 f i AndorNeoDll.obj
 0002:00007bf0       ?setbuf@?$basic_filebuf@DU?$char_traits@D@std@@@std@@MAEPAV?$basic_streambuf@DU?$char_traits@D@std@@@2@PAD_J@Z 10018bf0 f i AndorNeoDll.obj
 0002:00007cc0       ?size@?$basic_string@DU?$char_traits@D@std@@V?$allocator@D@2@@std@@QBEIXZ 10018cc0 f i AndorNeoDll.obj
 0002:00007cf0       ?state@?$fpos@U_Mbstatet@@@std@@QBE?AU_Mbstatet@@XZ 10018cf0 f i AndorNeoDll.obj
 0002:00007d30       ?sync@?$basic_filebuf@DU?$char_traits@D@std@@@std@@MAEHXZ 10018d30 f i AndorNeoDll.obj
 0002:00007e10       ?to_char_type@?$_Narrow_char_traits@DH@std@@SADABH@Z 10018e10 f i AndorNeoDll.obj
 0002:00007e30       ?to_int_type@?$_Narrow_char_traits@DH@std@@SAHABD@Z 10018e30 f i AndorNeoDll.obj
 0002:00007e50       ?uflow@?$basic_filebuf@DU?$char_traits@D@std@@@std@@MAEHXZ 10018e50 f i AndorNeoDll.obj
 0002:00008290       ?underflow@?$basic_filebuf@DU?$char_traits@D@std@@@std@@MAEHXZ 10019290 f i AndorNeoDll.obj
 0002:00008400       ?what@exception@std@@UBEPBDXZ 10019400 f i AndorNeoDll.obj
 0002:00008450       ?xsgetn@?$basic_filebuf@DU?$char_traits@D@std@@@std@@MAE_JPAD_J@Z 10019450 f i AndorNeoDll.obj
 0002:000086e0       ?xsputn@?$basic_filebuf@DU?$char_traits@D@std@@@std@@MAE_JPBD_J@Z 100196e0 f i AndorNeoDll.obj
 0002:000088c0       _close_cam@0               100198c0 f   AndorNeoDll.obj
 0002:00008950       _get_res@8                 10019950 f   AndorNeoDll.obj
 0002:00008a60       _grab_image@8              10019a60 f   AndorNeoDll.obj
 0002:00008e80       _init_cam@4                10019e80 f   AndorNeoDll.obj
 0002:000093e0       _DllMain@12                1001a3e0 f   dllmain.obj
 0002:0000940b       _AT_InitialiseLibrary@0    1001a40b f   atcorem:atcore.dll
 0002:00009411       _AT_FinaliseLibrary@0      1001a411 f   atcorem:atcore.dll
 0002:00009417       _AT_Open@8                 1001a417 f   atcorem:atcore.dll
 0002:0000941d       _AT_Close@4                1001a41d f   atcorem:atcore.dll
 0002:00009423       _AT_GetInt@12              1001a423 f   atcorem:atcore.dll
 0002:00009429       _AT_SetFloat@16            1001a429 f   atcorem:atcore.dll
 0002:0000942f       _AT_SetBool@12             1001a42f f   atcorem:atcore.dll
 0002:00009435       _AT_SetEnumeratedString@12 1001a435 f   atcorem:atcore.dll
 0002:0000943b       _AT_Command@8              1001a43b f   atcorem:atcore.dll
 0002:00009441       _AT_QueueBuffer@12         1001a441 f   atcorem:atcore.dll
 0002:00009447       _AT_WaitBuffer@16          1001a447 f   atcorem:atcore.dll
 0002:0000944d       _AT_Flush@4                1001a44d f   atcorem:atcore.dll
 0002:00009453       ??0_Lockit@std@@QAE@H@Z    1001a453 f   msvcprtd:MSVCP140D.dll
 0002:00009459       ??1_Lockit@std@@QAE@XZ     1001a459 f   msvcprtd:MSVCP140D.dll
 0002:0000945f       ?_Xlength_error@std@@YAXPBD@Z 1001a45f f   msvcprtd:MSVCP140D.dll
 0002:00009465       ?_Xout_of_range@std@@YAXPBD@Z 1001a465 f   msvcprtd:MSVCP140D.dll
 0002:0000946b       ?uncaught_exception@std@@YA_NXZ 1001a46b f   msvcprtd:MSVCP140D.dll
 0002:00009480       ??0_Fac_node@std@@QAE@PAU01@PAV_Facet_base@1@@Z 1001a480 f i msvcprtd:locale0_implib.obj
 0002:000094b0       ??1_Fac_node@std@@QAE@XZ   1001a4b0 f i msvcprtd:locale0_implib.obj
 0002:00009530       ??1_Fac_tidy_reg_t@std@@QAE@XZ 1001a530 f i msvcprtd:locale0_implib.obj
 0002:00009590       ??2_Fac_node@std@@SAPAXI@Z 1001a590 f i msvcprtd:locale0_implib.obj
 0002:000095f0       ??3_Fac_node@std@@SAXPAX@Z 1001a5f0 f i msvcprtd:locale0_implib.obj
 0002:00009610       ??_G_Fac_node@std@@QAEPAXI@Z 1001a610 f i msvcprtd:locale0_implib.obj
 0002:00009670       ?_Facet_Register@std@@YAXPAV_Facet_base@1@@Z 1001a670 f   msvcprtd:locale0_implib.obj
 0002:00009720       ?__empty_global_delete@@YAXPAXIW4align_val_t@std@@@Z 1001a720 f i msvcprtd:locale0_implib.obj
 0002:00009730       ?__empty_global_delete@@YAXPAXW4align_val_t@std@@@Z 1001a730 f i msvcprtd:locale0_implib.obj
 0002:00009735       ??Bid@locale@std@@QAEIXZ   1001a735 f   msvcprtd:MSVCP140D.dll
 0002:0000973b       ?_Getgloballocale@locale@std@@CAPAV_Locimp@12@XZ 1001a73b f   msvcprtd:MSVCP140D.dll
 0002:00009741       ?always_noconv@codecvt_base@std@@QBE_NXZ 1001a741 f   msvcprtd:MSVCP140D.dll
 0002:00009747       ?in@?$codecvt@DDU_Mbstatet@@@std@@QBEHAAU_Mbstatet@@PBD1AAPBDPAD3AAPAD@Z 1001a747 f   msvcprtd:MSVCP140D.dll
 0002:0000974d       ?out@?$codecvt@DDU_Mbstatet@@@std@@QBEHAAU_Mbstatet@@PBD1AAPBDPAD3AAPAD@Z 1001a74d f   msvcprtd:MSVCP140D.dll
 0002:00009753       ?unshift@?$codecvt@DDU_Mbstatet@@@std@@QBEHAAU_Mbstatet@@PAD1AAPAD@Z 1001a753 f   msvcprtd:MSVCP140D.dll
 0002:00009759       ?_Getcat@?$codecvt@DDU_Mbstatet@@@std@@SAIPAPBVfacet@locale@2@PBV42@@Z 1001a759 f   msvcprtd:MSVCP140D.dll
 0002:0000975f       ?good@ios_base@std@@QBE_NXZ 1001a75f f   msvcprtd:MSVCP140D.dll
 0002:00009765       ?flags@ios_base@std@@QBEHXZ 1001a765 f   msvcprtd:MSVCP140D.dll
 0002:0000976b       ?width@ios_base@std@@QBE_JXZ 1001a76b f   msvcprtd:MSVCP140D.dll
 0002:00009771       ?width@ios_base@std@@QAE_J_J@Z 1001a771 f   msvcprtd:MSVCP140D.dll
 0002:00009777       ??0?$basic_streambuf@DU?$char_traits@D@std@@@std@@IAE@XZ 1001a777 f   msvcprtd:MSVCP140D.dll
 0002:0000977d       ??1?$basic_streambuf@DU?$char_traits@D@std@@@std@@UAE@XZ 1001a77d f   msvcprtd:MSVCP140D.dll
 0002:00009783       ?getloc@?$basic_streambuf@DU?$char_traits@D@std@@@std@@QBE?AVlocale@2@XZ 1001a783 f   msvcprtd:MSVCP140D.dll
 0002:00009789       ?sputc@?$basic_streambuf@DU?$char_traits@D@std@@@std@@QAEHD@Z 1001a789 f   msvcprtd:MSVCP140D.dll
 0002:0000978f       ?sputn@?$basic_streambuf@DU?$char_traits@D@std@@@std@@QAE_JPBD_J@Z 1001a78f f   msvcprtd:MSVCP140D.dll
 0002:00009795       ?eback@?$basic_streambuf@DU?$char_traits@D@std@@@std@@IBEPADXZ 1001a795 f   msvcprtd:MSVCP140D.dll
 0002:0000979b       ?gptr@?$basic_streambuf@DU?$char_traits@D@std@@@std@@IBEPADXZ 1001a79b f   msvcprtd:MSVCP140D.dll
 0002:000097a1       ?pptr@?$basic_streambuf@DU?$char_traits@D@std@@@std@@IBEPADXZ 1001a7a1 f   msvcprtd:MSVCP140D.dll
 0002:000097a7       ?egptr@?$basic_streambuf@DU?$char_traits@D@std@@@std@@IBEPADXZ 1001a7a7 f   msvcprtd:MSVCP140D.dll
 0002:000097ad       ?gbump@?$basic_streambuf@DU?$char_traits@D@std@@@std@@IAEXH@Z 1001a7ad f   msvcprtd:MSVCP140D.dll
 0002:000097b3       ?setg@?$basic_streambuf@DU?$char_traits@D@std@@@std@@IAEXPAD00@Z 1001a7b3 f   msvcprtd:MSVCP140D.dll
 0002:000097b9       ?epptr@?$basic_streambuf@DU?$char_traits@D@std@@@std@@IBEPADXZ 1001a7b9 f   msvcprtd:MSVCP140D.dll
 0002:000097bf       ?_Gndec@?$basic_streambuf@DU?$char_traits@D@std@@@std@@IAEPADXZ 1001a7bf f   msvcprtd:MSVCP140D.dll
 0002:000097c5       ?_Gninc@?$basic_streambuf@DU?$char_traits@D@std@@@std@@IAEPADXZ 1001a7c5 f   msvcprtd:MSVCP140D.dll
 0002:000097cb       ?_Gnavail@?$basic_streambuf@DU?$char_traits@D@std@@@std@@IBE_JXZ 1001a7cb f   msvcprtd:MSVCP140D.dll
 0002:000097d1       ?pbump@?$basic_streambuf@DU?$char_traits@D@std@@@std@@IAEXH@Z 1001a7d1 f   msvcprtd:MSVCP140D.dll
 0002:000097d7       ?_Pninc@?$basic_streambuf@DU?$char_traits@D@std@@@std@@IAEPADXZ 1001a7d7 f   msvcprtd:MSVCP140D.dll
 0002:000097dd       ?_Pnavail@?$basic_streambuf@DU?$char_traits@D@std@@@std@@IBE_JXZ 1001a7dd f   msvcprtd:MSVCP140D.dll
 0002:000097e3       ?_Init@?$basic_streambuf@DU?$char_traits@D@std@@@std@@IAEXXZ 1001a7e3 f   msvcprtd:MSVCP140D.dll
 0002:000097e9       ?_Init@?$basic_streambuf@DU?$char_traits@D@std@@@std@@IAEXPAPAD0PAH001@Z 1001a7e9 f   msvcprtd:MSVCP140D.dll
 0002:000097ef       ?xsgetn@?$basic_streambuf@DU?$char_traits@D@std@@@std@@MAE_JPAD_J@Z 1001a7ef f   msvcprtd:MSVCP140D.dll
 0002:000097f5       ?xsputn@?$basic_streambuf@DU?$char_traits@D@std@@@std@@MAE_JPBD_J@Z 1001a7f5 f   msvcprtd:MSVCP140D.dll
 0002:000097fb       ??1?$basic_ios@DU?$char_traits@D@std@@@std@@UAE@XZ 1001a7fb f   msvcprtd:MSVCP140D.dll
 0002:00009801       ?clear@?$basic_ios@DU?$char_traits@D@std@@@std@@QAEXH_N@Z 1001a801 f   msvcprtd:MSVCP140D.dll
 0002:00009807       ?setstate@?$basic_ios@DU?$char_traits@D@std@@@std@@QAEXH_N@Z 1001a807 f   msvcprtd:MSVCP140D.dll
 0002:0000980d       ?tie@?$basic_ios@DU?$char_traits@D@std@@@std@@QBEPAV?$basic_ostream@DU?$char_traits@D@std@@@2@XZ 1001a80d f   msvcprtd:MSVCP140D.dll
 0002:00009813       ?rdbuf@?$basic_ios@DU?$char_traits@D@std@@@std@@QBEPAV?$basic_streambuf@DU?$char_traits@D@std@@@2@XZ 1001a813 f   msvcprtd:MSVCP140D.dll
 0002:00009819       ?fill@?$basic_ios@DU?$char_traits@D@std@@@std@@QBEDXZ 1001a819 f   msvcprtd:MSVCP140D.dll
 0002:0000981f       ?widen@?$basic_ios@DU?$char_traits@D@std@@@std@@QBEDD@Z 1001a81f f   msvcprtd:MSVCP140D.dll
 0002:00009825       ??0?$basic_ios@DU?$char_traits@D@std@@@std@@IAE@XZ 1001a825 f   msvcprtd:MSVCP140D.dll
 0002:0000982b       ??0?$basic_ostream@DU?$char_traits@D@std@@@std@@QAE@PAV?$basic_streambuf@DU?$char_traits@D@std@@@1@_N@Z 1001a82b f   msvcprtd:MSVCP140D.dll
 0002:00009831       ??1?$basic_ostream@DU?$char_traits@D@std@@@std@@UAE@XZ 1001a831 f   msvcprtd:MSVCP140D.dll
 0002:00009837       ?_Osfx@?$basic_ostream@DU?$char_traits@D@std@@@std@@QAEXXZ 1001a837 f   msvcprtd:MSVCP140D.dll
 0002:0000983d       ??6?$basic_ostream@DU?$char_traits@D@std@@@std@@QAEAAV01@P6AAAV01@AAV01@@Z@Z 1001a83d f   msvcprtd:MSVCP140D.dll
 0002:00009843       ??6?$basic_ostream@DU?$char_traits@D@std@@@std@@QAEAAV01@H@Z 1001a843 f   msvcprtd:MSVCP140D.dll
 0002:00009849       ?put@?$basic_ostream@DU?$char_traits@D@std@@@std@@QAEAAV12@D@Z 1001a849 f   msvcprtd:MSVCP140D.dll
 0002:0000984f       ?flush@?$basic_ostream@DU?$char_traits@D@std@@@std@@QAEAAV12@XZ 1001a84f f   msvcprtd:MSVCP140D.dll
 0002:00009855       ?_Fiopen@std@@YAPAU_iobuf@@PBDHH@Z 1001a855 f   msvcprtd:MSVCP140D.dll
 0002:0000985b       ?showmanyc@?$basic_streambuf@DU?$char_traits@D@std@@@std@@MAE_JXZ 1001a85b f   msvcprtd:MSVCP140D.dll
 0002:00009861       ?_Xbad_alloc@std@@YAXXZ    1001a861 f   msvcprtd:MSVCP140D.dll
 0002:00009870       ??2@YAPAXI@Z               1001a870 f   MSVCRTD:new_scalar.obj
 0002:000098d0       ??3@YAXPAXI@Z              1001a8d0 f   MSVCRTD:delete_scalar_size.obj
 0002:000098f0       ??_U@YAPAXI@Z              1001a8f0 f   MSVCRTD:new_array.obj
 0002:00009910       ??_V@YAXPAX@Z              1001a910 f   MSVCRTD:delete_array.obj
 0002:00009930       @_RTC_AllocaHelper@12      1001a930 f   MSVCRTD:stack.obj
 0002:00009970       @_RTC_CheckStackVars2@12   1001a970 f   MSVCRTD:stack.obj
 0002:00009a80       @_RTC_CheckStackVars@8     1001aa80 f   MSVCRTD:stack.obj
 0002:00009af0       __RTC_CheckEsp             1001aaf0 f   MSVCRTD:stack.obj
 0002:00009b20       __CRT_RTC_INIT             1001ab20 f   MSVCRTD:init.obj
 0002:00009b30       __CRT_RTC_INITW            1001ab30 f   MSVCRTD:init.obj
 0002:00009b40       __RTC_InitBase             1001ab40 f   MSVCRTD:init.obj
 0002:00009b80       __RTC_Shutdown             1001ab80 f   MSVCRTD:init.obj
 0002:00009ba0       ??1type_info@@UAE@XZ       1001aba0 f   MSVCRTD:std_type_info_static.obj
 0002:00009bc0       ??_Gtype_info@@UAEPAXI@Z   1001abc0 f i MSVCRTD:std_type_info_static.obj
 0002:00009bc0       ??_Etype_info@@UAEPAXI@Z   1001abc0 f i MSVCRTD:std_type_info_static.obj
 0002:0000a200       __CRT_INIT@12              1001b200 f   MSVCRTD:dll_dllmain.obj
 0002:0000a220       __DllMainCRTStartup@12     1001b220 f   MSVCRTD:dll_dllmain.obj
 0002:0000a250       ?configure_argv@__scrt_narrow_argv_policy@@SAHXZ 1001b250 f i MSVCRTD:utility.obj
 0002:0000a320       ?initialize_environment@__scrt_narrow_environment_policy@@SAHXZ 1001b320 f i MSVCRTD:utility.obj
 0002:0000a3c0       _NtCurrentTeb              1001b3c0 f i MSVCRTD:utility.obj
 0002:0000a3d0       ___scrt_acquire_startup_lock 1001b3d0 f   MSVCRTD:utility.obj
 0002:0000a430       ___scrt_dllmain_after_initialize_c 1001b430 f   MSVCRTD:utility.obj
 0002:0000a470       ___scrt_dllmain_before_initialize_c 1001b470 f   MSVCRTD:utility.obj
 0002:0000a4a0       ___scrt_dllmain_crt_thread_attach 1001b4a0 f   MSVCRTD:utility.obj
 0002:0000a4e0       ___scrt_dllmain_crt_thread_detach 1001b4e0 f   MSVCRTD:utility.obj
 0002:0000a500       ___scrt_dllmain_exception_filter 1001b500 f   MSVCRTD:utility.obj
 0002:0000a560       ___scrt_dllmain_uninitialize_c 1001b560 f   MSVCRTD:utility.obj
 0002:0000a5a0       ___scrt_dllmain_uninitialize_critical 1001b5a0 f   MSVCRTD:utility.obj
 0002:0000a5c0       ___scrt_initialize_crt     1001b5c0 f   MSVCRTD:utility.obj
 0002:0000a620       ___scrt_initialize_onexit_tables 1001b620 f   MSVCRTD:utility.obj
 0002:0000a730       ___scrt_is_nonwritable_in_current_image 1001b730 f   MSVCRTD:utility.obj
 0002:0000a8b0       ___scrt_release_startup_lock 1001b8b0 f   MSVCRTD:utility.obj
 0002:0000a8e0       ___scrt_uninitialize_crt   1001b8e0 f   MSVCRTD:utility.obj
 0002:0000a930       __onexit                   1001b930 f   MSVCRTD:utility.obj
 0002:0000a9b0       _at_quick_exit             1001b9b0 f   MSVCRTD:utility.obj
 0002:0000aa00       _atexit                    1001ba00 f   MSVCRTD:utility.obj
 0002:0000aa40       @__security_check_cookie@4 1001ba40 f   MSVCRTD:secchk.obj
 0002:0000aa60       @_guard_check_icall_nop@4  1001ba60 f i MSVCRTD:guard_support.obj
 0002:0000aa70       _ReadNoFence               1001ba70 f i MSVCRTD:guard_support.obj
 0002:0000aa90       _ReadPointerNoFence        1001ba90 f i MSVCRTD:guard_support.obj
 0002:0000aab0       ___castguard_check_failure_debugbreak 1001bab0 f i MSVCRTD:guard_support.obj
 0002:0000aad0       ___castguard_check_failure_fastfail 1001bad0 f i MSVCRTD:guard_support.obj
 0002:0000ab00       ___castguard_check_failure_nop 1001bb00 f i MSVCRTD:guard_support.obj
 0002:0000ab10       ___castguard_check_failure_os_handled 1001bb10 f i MSVCRTD:guard_support.obj
 0002:0000abb0       ___castguard_slow_path_check_debugbreak 1001bbb0 f i MSVCRTD:guard_support.obj
 0002:0000abf0       ___castguard_slow_path_check_fastfail 1001bbf0 f i MSVCRTD:guard_support.obj
 0002:0000ac40       ___castguard_slow_path_check_nop 1001bc40 f i MSVCRTD:guard_support.obj
 0002:0000ac50       ___castguard_slow_path_check_os_handled 1001bc50 f i MSVCRTD:guard_support.obj
 0002:0000ad10       __guard_icall_checks_enforced 1001bd10 f i MSVCRTD:guard_support.obj
 0002:0000ad50       ??0bad_alloc@std@@QAE@XZ   1001bd50 f i MSVCRTD:throw_bad_alloc.obj
 0002:0000ad80       ?__scrt_throw_std_bad_alloc@@YAXXZ 1001bd80 f   MSVCRTD:throw_bad_alloc.obj
 0002:0000adb0       ?__scrt_throw_std_bad_array_new_length@@YAXXZ 1001bdb0 f   MSVCRTD:throw_bad_alloc.obj
 0002:0000ade0       ??3@YAXPAX@Z               1001bde0 f   MSVCRTD:delete_scalar.obj
 0002:0000aeb0       ?_RTC_AllocaFailure@@YAXPAXPAU_RTC_ALLOCA_NODE@@H@Z 1001beb0 f   MSVCRTD:error.obj
 0002:0000afd0       ?_RTC_Failure@@YAXPAXH@Z   1001bfd0 f   MSVCRTD:error.obj
 0002:0000b040       ?_RTC_StackFailure@@YAXPAXPBD@Z 1001c040 f   MSVCRTD:error.obj
 0002:0000b4f0       __RTC_UninitUse            1001c4f0 f   MSVCRTD:error.obj
 0002:0000b5d0       ___local_stdio_printf_options 1001c5d0 f i MSVCRTD:error.obj
 0002:0000b5e0       __vsprintf_s_l             1001c5e0 f i MSVCRTD:error.obj
 0002:0000b620       _sprintf_s                 1001c620 f i MSVCRTD:error.obj
 0002:0000b650       ?_RTC_GetErrorFunc@@YAP6AHHPBDH00ZZPBX@Z 1001c650 f   MSVCRTD:userapi.obj
 0002:0000b660       ?_RTC_GetErrorFuncW@@YAP6AHHPB_WH00ZZPBX@Z 1001c660 f   MSVCRTD:userapi.obj
 0002:0000b670       __RTC_GetErrDesc           1001c670 f   MSVCRTD:userapi.obj
 0002:0000b690       __RTC_NumErrors            1001c690 f   MSVCRTD:userapi.obj
 0002:0000b6a0       __RTC_SetErrorFunc         1001c6a0 f   MSVCRTD:userapi.obj
 0002:0000b6d0       __RTC_SetErrorFuncW        1001c6d0 f   MSVCRTD:userapi.obj
 0002:0000b700       __RTC_SetErrorType         1001c700 f   MSVCRTD:userapi.obj
 0002:0000b7c0       ___security_init_cookie    1001c7c0 f   MSVCRTD:gs_support.obj
 0002:0000b860       ?__scrt_initialize_type_info@@YAXXZ 1001c860 f   MSVCRTD:tncleanup.obj
 0002:0000b880       ?__scrt_uninitialize_type_info@@YAXXZ 1001c880 f   MSVCRTD:tncleanup.obj
 0002:0000b8a0       ___local_stdio_scanf_options 1001c8a0 f i MSVCRTD:default_local_stdio_options.obj
 0002:0000b8b0       ___scrt_initialize_default_local_stdio_options 1001c8b0 f   MSVCRTD:default_local_stdio_options.obj
 0002:0000b900       ___scrt_get_dyn_tls_init_callback 1001c900 f   MSVCRTD:dyn_tls_init.obj
 0002:0000b910       ___scrt_fastfail           1001c910 f   MSVCRTD:utility_desktop.obj
 0002:0000baa0       ___scrt_get_show_window_mode 1001caa0 f   MSVCRTD:utility_desktop.obj
 0002:0000baf0       ___scrt_initialize_mta     1001caf0 f   MSVCRTD:utility_desktop.obj
 0002:0000bb00       ___scrt_initialize_winrt   1001cb00 f   MSVCRTD:utility_desktop.obj
 0002:0000bb10       ___scrt_is_managed_app     1001cb10 f   MSVCRTD:utility_desktop.obj
 0002:0000bbc0       ___scrt_set_unhandled_exception_filter 1001cbc0 f   MSVCRTD:utility_desktop.obj
 0002:0000bbe0       ___scrt_exe_initialize_mta 1001cbe0 f   MSVCRTD:utility_desktop.obj
 0002:0000bbe0       ___scrt_stub_for_initialize_mta 1001cbe0 f   MSVCRTD:utility_desktop.obj
 0002:0000bbf0       ___scrt_unhandled_exception_filter@4 1001cbf0 f   MSVCRTD:utility_desktop.obj
 0002:0000bc90       __crt_debugger_hook        1001cc90 f   MSVCRTD:utility_desktop.obj
 0002:0000bcb0       __RTC_Initialize           1001ccb0 f   MSVCRTD:initsect.obj
 0002:0000bcf0       __RTC_Terminate            1001ccf0 f   MSVCRTD:initsect.obj
 0002:0000bd30       __except_handler4          1001cd30 f   MSVCRTD:chandler4gs.obj
 0002:0000bd80       ___isa_available_init      1001cd80 f   MSVCRTD:cpu_disp.obj
 0002:0000c180       __get_startup_argv_mode    1001d180 f   MSVCRTD:argv_mode.obj
 0002:0000c190       ___scrt_is_ucrt_dll_in_use 1001d190 f   MSVCRTD:ucrt_detection.obj
 0002:0000c1c0       ___raise_securityfailure   1001d1c0 f   MSVCRTD:gs_report.obj
 0002:0000c200       ___report_gsfailure        1001d200 f   MSVCRTD:gs_report.obj
 0002:0000c350       ___report_rangecheckfailure 1001d350 f   MSVCRTD:gs_report.obj
 0002:0000c360       ___report_securityfailure  1001d360 f   MSVCRTD:gs_report.obj
 0002:0000c470       ___report_securityfailureEx 1001d470 f   MSVCRTD:gs_report.obj
 0002:0000cb70       ?_RTC_GetSrcLine@@YAHPAEPA_WKPAH1K@Z 1001db70 f   MSVCRTD:pdblkup.obj
 0002:0000cfd0       __except_handler4_noexcept 1001dfd0 f   MSVCRTD:chandler4_noexcept.obj
 0002:0000d041       _memcpy                    1001e041 f   vcruntimed:VCRUNTIME140D.dll
 0002:0000d047       _memmove                   1001e047 f   vcruntimed:VCRUNTIME140D.dll
 0002:0000d04d       ___std_exception_copy      1001e04d f   vcruntimed:VCRUNTIME140D.dll
 0002:0000d053       ___std_exception_destroy   1001e053 f   vcruntimed:VCRUNTIME140D.dll
 0002:0000d059       __CxxThrowException@8      1001e059 f   vcruntimed:VCRUNTIME140D.dll
 0002:0000d05f       ___CxxFrameHandler3        1001e05f f   vcruntimed:VCRUNTIME140D.dll
 0002:0000d065       ___std_type_info_destroy_list 1001e065 f   vcruntimed:VCRUNTIME140D.dll
 0002:0000d06b       ___current_exception       1001e06b f   vcruntimed:VCRUNTIME140D.dll
 0002:0000d071       ___current_exception_context 1001e071 f   vcruntimed:VCRUNTIME140D.dll
 0002:0000d077       _memset                    1001e077 f   vcruntimed:VCRUNTIME140D.dll
 0002:0000d07d       __except_handler4_common   1001e07d f   vcruntimed:VCRUNTIME140D.dll
 0002:0000d083       ___vcrt_GetModuleFileNameW 1001e083 f   vcruntimed:VCRUNTIME140D.dll
 0002:0000d089       ___vcrt_GetModuleHandleW   1001e089 f   vcruntimed:VCRUNTIME140D.dll
 0002:0000d08f       ___vcrt_LoadLibraryExW     1001e08f f   vcruntimed:VCRUNTIME140D.dll
 0002:0000d095       __invalid_parameter        1001e095 f   ucrtd:ucrtbased.dll
 0002:0000d09b       _strlen                    1001e09b f   ucrtd:ucrtbased.dll
 0002:0000d0a1       __CrtDbgReport             1001e0a1 f   ucrtd:ucrtbased.dll
 0002:0000d0a7       __get_stream_buffer_pointers 1001e0a7 f   ucrtd:ucrtbased.dll
 0002:0000d0ad       _fclose                    1001e0ad f   ucrtd:ucrtbased.dll
 0002:0000d0b3       _fflush                    1001e0b3 f   ucrtd:ucrtbased.dll
 0002:0000d0b9       _fgetc                     1001e0b9 f   ucrtd:ucrtbased.dll
 0002:0000d0bf       _fgetpos                   1001e0bf f   ucrtd:ucrtbased.dll
 0002:0000d0c5       _fputc                     1001e0c5 f   ucrtd:ucrtbased.dll
 0002:0000d0cb       _fread                     1001e0cb f   ucrtd:ucrtbased.dll
 0002:0000d0d1       _fsetpos                   1001e0d1 f   ucrtd:ucrtbased.dll
 0002:0000d0d7       __fseeki64                 1001e0d7 f   ucrtd:ucrtbased.dll
 0002:0000d0dd       _fwrite                    1001e0dd f   ucrtd:ucrtbased.dll
 0002:0000d0e3       _setvbuf                   1001e0e3 f   ucrtd:ucrtbased.dll
 0002:0000d0e9       _ungetc                    1001e0e9 f   ucrtd:ucrtbased.dll
 0002:0000d0ef       __lock_file                1001e0ef f   ucrtd:ucrtbased.dll
 0002:0000d0f5       __unlock_file              1001e0f5 f   ucrtd:ucrtbased.dll
 0002:0000d0fb       __strdate_s                1001e0fb f   ucrtd:ucrtbased.dll
 0002:0000d101       __strtime_s                1001e101 f   ucrtd:ucrtbased.dll
 0002:0000d107       __free_dbg                 1001e107 f   ucrtd:ucrtbased.dll
 0002:0000d10d       __malloc_dbg               1001e10d f   ucrtd:ucrtbased.dll
 0002:0000d113       __callnewh                 1001e113 f   ucrtd:ucrtbased.dll
 0002:0000d119       _malloc                    1001e119 f   ucrtd:ucrtbased.dll
 0002:0000d11f       __CrtDbgReportW            1001e11f f   ucrtd:ucrtbased.dll
 0002:0000d125       __initterm                 1001e125 f   ucrtd:ucrtbased.dll
 0002:0000d12b       __initterm_e               1001e12b f   ucrtd:ucrtbased.dll
 0002:0000d131       __seh_filter_dll           1001e131 f   ucrtd:ucrtbased.dll
 0002:0000d137       __configure_narrow_argv    1001e137 f   ucrtd:ucrtbased.dll
 0002:0000d13d       __initialize_narrow_environment 1001e13d f   ucrtd:ucrtbased.dll
 0002:0000d143       __initialize_onexit_table  1001e143 f   ucrtd:ucrtbased.dll
 0002:0000d149       __register_onexit_function 1001e149 f   ucrtd:ucrtbased.dll
 0002:0000d14f       __execute_onexit_table     1001e14f f   ucrtd:ucrtbased.dll
 0002:0000d155       __crt_atexit               1001e155 f   ucrtd:ucrtbased.dll
 0002:0000d15b       __crt_at_quick_exit        1001e15b f   ucrtd:ucrtbased.dll
 0002:0000d161       __cexit                    1001e161 f   ucrtd:ucrtbased.dll
 0002:0000d167       _strcpy_s                  1001e167 f   ucrtd:ucrtbased.dll
 0002:0000d16d       _strcat_s                  1001e16d f   ucrtd:ucrtbased.dll
 0002:0000d173       ___stdio_common_vsprintf_s 1001e173 f   ucrtd:ucrtbased.dll
 0002:0000d179       _terminate                 1001e179 f   ucrtd:ucrtbased.dll
 0002:0000d17f       __wmakepath_s              1001e17f f   ucrtd:ucrtbased.dll
 0002:0000d185       __wsplitpath_s             1001e185 f   ucrtd:ucrtbased.dll
 0002:0000d18b       _wcscpy_s                  1001e18b f   ucrtd:ucrtbased.dll
 0002:0000d191       _IsDebuggerPresent@0       1001e191 f   kernel32:KERNEL32.dll
 0002:0000d197       _RaiseException@16         1001e197 f   kernel32:KERNEL32.dll
 0002:0000d19d       _MultiByteToWideChar@24    1001e19d f   kernel32:KERNEL32.dll
 0002:0000d1a3       _WideCharToMultiByte@32    1001e1a3 f   kernel32:KERNEL32.dll
 0002:0000d1a9       _QueryPerformanceCounter@4 1001e1a9 f   kernel32:KERNEL32.dll
 0002:0000d1af       _GetCurrentProcessId@0     1001e1af f   kernel32:KERNEL32.dll
 0002:0000d1b5       _GetCurrentThreadId@0      1001e1b5 f   kernel32:KERNEL32.dll
 0002:0000d1bb       _GetSystemTimeAsFileTime@4 1001e1bb f   kernel32:KERNEL32.dll
 0002:0000d1c1       _InitializeSListHead@4     1001e1c1 f   kernel32:KERNEL32.dll
 0002:0000d1c7       _UnhandledExceptionFilter@4 1001e1c7 f   kernel32:KERNEL32.dll
 0002:0000d1cd       _SetUnhandledExceptionFilter@4 1001e1cd f   kernel32:KERNEL32.dll
 0002:0000d1d3       _GetStartupInfoW@4         1001e1d3 f   kernel32:KERNEL32.dll
 0002:0000d1d9       _IsProcessorFeaturePresent@4 1001e1d9 f   kernel32:KERNEL32.dll
 0002:0000d1df       _GetModuleHandleW@4        1001e1df f   kernel32:KERNEL32.dll
 0002:0000d1e5       _GetCurrentProcess@0       1001e1e5 f   kernel32:KERNEL32.dll
 0002:0000d1eb       _TerminateProcess@8        1001e1eb f   kernel32:KERNEL32.dll
 0002:0000d1f1       _GetLastError@0            1001e1f1 f   kernel32:KERNEL32.dll
 0002:0000d1f7       _HeapAlloc@12              1001e1f7 f   kernel32:KERNEL32.dll
 0002:0000d1fd       _HeapFree@12               1001e1fd f   kernel32:KERNEL32.dll
 0002:0000d203       _GetProcessHeap@0          1001e203 f   kernel32:KERNEL32.dll
 0002:0000d209       _VirtualQuery@12           1001e209 f   kernel32:KERNEL32.dll
 0002:0000d20f       _FreeLibrary@4             1001e20f f   kernel32:KERNEL32.dll
 0002:0000d215       _GetProcAddress@8          1001e215 f   kernel32:KERNEL32.dll
 0002:0000d220       ___scrt_stub_for_acrt_initialize 1001e220 f   MSVCRTD:ucrt_stubs.obj
 0002:0000d220       ___vcrt_initialize         1001e220 f   MSVCRTD:ucrt_stubs.obj
 0002:0000d220       ___acrt_initialize         1001e220 f   MSVCRTD:ucrt_stubs.obj
 0002:0000d230       ___vcrt_thread_attach      1001e230 f   MSVCRTD:ucrt_stubs.obj
 0002:0000d230       ___scrt_stub_for_acrt_thread_attach 1001e230 f   MSVCRTD:ucrt_stubs.obj
 0002:0000d230       ___acrt_thread_attach      1001e230 f   MSVCRTD:ucrt_stubs.obj
 0002:0000d240       ___vcrt_thread_detach      1001e240 f   MSVCRTD:ucrt_stubs.obj
 0002:0000d240       ___scrt_stub_for_acrt_thread_detach 1001e240 f   MSVCRTD:ucrt_stubs.obj
 0002:0000d240       ___acrt_thread_detach      1001e240 f   MSVCRTD:ucrt_stubs.obj
 0002:0000d250       ___acrt_uninitialize       1001e250 f   MSVCRTD:ucrt_stubs.obj
 0002:0000d250       ___scrt_stub_for_acrt_uninitialize 1001e250 f   MSVCRTD:ucrt_stubs.obj
 0002:0000d250       ___vcrt_uninitialize       1001e250 f   MSVCRTD:ucrt_stubs.obj
 0002:0000d260       ___scrt_stub_for_acrt_uninitialize_critical 1001e260 f   MSVCRTD:ucrt_stubs.obj
 0002:0000d260       ___acrt_uninitialize_critical 1001e260 f   MSVCRTD:ucrt_stubs.obj
 0002:0000d260       ___vcrt_uninitialize_critical 1001e260 f   MSVCRTD:ucrt_stubs.obj
 0002:0000d270       __is_c_termination_complete 1001e270 f   MSVCRTD:ucrt_stubs.obj
 0002:0000d270       ___scrt_stub_for_is_c_termination_complete 1001e270 f   MSVCRTD:ucrt_stubs.obj
 0002:0000d280       __filter_x86_sse2_floating_point_exception 1001e280 f   MSVCRTD:x86_exception_filter.obj
 0002:0000d280       __filter_x86_sse2_floating_point_exception_default 1001e280 f   MSVCRTD:x86_exception_filter.obj
 0003:00000000       ___xc_a                    10022000     MSVCRTD:initializers.obj
 0003:00000208       ___xc_z                    10022208     MSVCRTD:initializers.obj
 0003:0000030c       ___xi_a                    1002230c     MSVCRTD:initializers.obj
 0003:00000410       ___xi_z                    10022410     MSVCRTD:initializers.obj
 0003:00000514       ___xp_a                    10022514     MSVCRTD:initializers.obj
 0003:00000618       ___xp_z                    10022618     MSVCRTD:initializers.obj
 0003:0000071c       ___xt_a                    1002271c     MSVCRTD:initializers.obj
 0003:00000820       ___xt_z                    10022820     MSVCRTD:initializers.obj
 0003:0000092c       ??_7exception@std@@6B@     1002292c     AndorNeoDll.obj
 0003:00000938       ??_C@_0BC@EOODALEL@Unknown?5exception@ 10022938     AndorNeoDll.obj
 0003:00000954       ??_7bad_alloc@std@@6B@     10022954     AndorNeoDll.obj
 0003:00000964       ??_7bad_array_new_length@std@@6B@ 10022964     AndorNeoDll.obj
 0003:00000970       ??_C@_0BF@KINCDENJ@bad?5array?5new?5length@ 10022970     AndorNeoDll.obj
 0003:0000098c       ??_C@_0BB@FCMFBGOM@invalid?5argument@ 1002298c     AndorNeoDll.obj
 0003:000009a0       ??_C@_02DKCKIIND@?$CFs@    100229a0     AndorNeoDll.obj
 0003:000009a8       ??_C@_0GL@EDBHKCAB@C?3?2Program?5Files?5?$CIx86?$CJ?2Microsof@ 100229a8     AndorNeoDll.obj
 0003:00000a28       ??_C@_1NG@GALHFOCO@?$AAC?$AA?3?$AA?2?$AAP?$AAr?$AAo?$AAg?$AAr?$AAa?$AAm?$AA?5?$AAF?$AAi?$AAl?$AAe@ 10022a28     AndorNeoDll.obj
 0003:00000b28       ??_C@_1EK@NIFDJFDG@?$AAs?$AAt?$AAd?$AA?3?$AA?3?$AA_?$AAA?$AAd?$AAj?$AAu?$AAs?$AAt?$AA_?$AAm?$AAa@ 10022b28     AndorNeoDll.obj
 0003:00000b80       ??_C@_1CG@JNLFBNGN@?$AA?$CC?$AAi?$AAn?$AAv?$AAa?$AAl?$AAi?$AAd?$AA?5?$AAa?$AAr?$AAg?$AAu?$AAm?$AAe@ 10022b80     AndorNeoDll.obj
 0003:00000bb0       ??_C@_0BA@JFNIOLAK@string?5too?5long@ 10022bb0     AndorNeoDll.obj
 0003:00000bc8       ??_7bad_cast@std@@6B@      10022bc8     AndorNeoDll.obj
 0003:00000bd4       ??_C@_08EPJLHIJG@bad?5cast@ 10022bd4     AndorNeoDll.obj
 0003:00000be4       ??_7?$basic_filebuf@DU?$char_traits@D@std@@@std@@6B@ 10022be4     AndorNeoDll.obj
 0003:00000c30       ??_7?$basic_ofstream@DU?$char_traits@D@std@@@std@@6B@ 10022c30     AndorNeoDll.obj
 0003:00000c38       ??_8?$basic_ofstream@DU?$char_traits@D@std@@@std@@7B@ 10022c38     AndorNeoDll.obj
 0003:00000c44       ??_C@_0BD@BJOCEOP@AndorNeoCamera?4log@ 10022c44     AndorNeoDll.obj
 0003:00000c5c       ??_C@_0M@PGACFAE@?5position?3?5@ 10022c5c     AndorNeoDll.obj
 0003:00000c6c       ??_C@_0M@LOOIMLFG@?5Err?5Code?3?5@ 10022c6c     AndorNeoDll.obj
 0003:00000c7c       ??_C@_07EKOICBNP@?5Time?3?5@ 10022c7c     AndorNeoDll.obj
 0003:00000c88       ??_C@_06KNKNKIMO@Date?3?5@ 10022c88     AndorNeoDll.obj
 0003:00000c90       ??_C@_1BK@BGCIDCDI@?$AAD?$AAe?$AAv?$AAi?$AAc?$AAe?$AA?5?$AAC?$AAo?$AAu?$AAn?$AAt@ 10022c90     AndorNeoDll.obj
 0003:00000cb0       ??_C@_1CA@CGIENGFF@?$AAG?$AAa?$AAi?$AAn?$AA?5?$AA1?$AA?5?$AA?$CI?$AA1?$AA1?$AA?5?$AAb?$AAi?$AAt?$AA?$CJ@ 10022cb0     AndorNeoDll.obj
 0003:00000cd8       ??_C@_1CE@EDOFPOHB@?$AAP?$AAr?$AAe?$AAA?$AAm?$AAp?$AAG?$AAa?$AAi?$AAn?$AAC?$AAo?$AAn?$AAt?$AAr@ 10022cd8     AndorNeoDll.obj
 0003:00000d04       ??_C@_1CA@BPPMHLBF@?$AAG?$AAa?$AAi?$AAn?$AA?5?$AA2?$AA?5?$AA?$CI?$AA1?$AA1?$AA?5?$AAb?$AAi?$AAt?$AA?$CJ@ 10022d04     AndorNeoDll.obj
 0003:00000d2c       ??_C@_1CA@INEBPNF@?$AAG?$AAa?$AAi?$AAn?$AA?5?$AA3?$AA?5?$AA?$CI?$AA1?$AA1?$AA?5?$AAb?$AAi?$AAt?$AA?$CJ@ 10022d2c     AndorNeoDll.obj
 0003:00000d54       ??_C@_1CA@GNANCBJF@?$AAG?$AAa?$AAi?$AAn?$AA?5?$AA4?$AA?5?$AA?$CI?$AA1?$AA1?$AA?5?$AAb?$AAi?$AAt?$AA?$CJ@ 10022d54     AndorNeoDll.obj
 0003:00000d7c       ??_C@_1CO@DCDKDMOL@?$AAG?$AAa?$AAi?$AAn?$AA?5?$AA1?$AA?5?$AAG?$AAa?$AAi?$AAn?$AA?5?$AA3?$AA?5?$AA?$CI@ 10022d7c     AndorNeoDll.obj
 0003:00000db4       ??_C@_1CO@FHODACKL@?$AAG?$AAa?$AAi?$AAn?$AA?5?$AA1?$AA?5?$AAG?$AAa?$AAi?$AAn?$AA?5?$AA4?$AA?5?$AA?$CI@ 10022db4     AndorNeoDll.obj
 0003:00000dec       ??_C@_1CO@FGNKEHBF@?$AAG?$AAa?$AAi?$AAn?$AA?5?$AA2?$AA?5?$AAG?$AAa?$AAi?$AAn?$AA?5?$AA3?$AA?5?$AA?$CI@ 10022dec     AndorNeoDll.obj
 0003:00000e24       ??_C@_1CO@DDADHJFF@?$AAG?$AAa?$AAi?$AAn?$AA?5?$AA2?$AA?5?$AAG?$AAa?$AAi?$AAn?$AA?5?$AA4?$AA?5?$AA?$CI@ 10022e24     AndorNeoDll.obj
 0003:00000e5c       ??_C@_1BK@MIFBFNDF@?$AAM?$AAo?$AAn?$AAo?$AA1?$AA2?$AAP?$AAa?$AAc?$AAk?$AAe?$AAd@ 10022e5c     AndorNeoDll.obj
 0003:00000e7c       ??_C@_1BO@JHPHHNNA@?$AAP?$AAi?$AAx?$AAe?$AAl?$AA?5?$AAE?$AAn?$AAc?$AAo?$AAd?$AAi?$AAn?$AAg@ 10022e7c     AndorNeoDll.obj
 0003:00000ea0       ??_C@_1O@FOECAHEK@?$AAM?$AAo?$AAn?$AAo?$AA1?$AA6@ 10022ea0     AndorNeoDll.obj
 0003:00000eb0       ??_C@_1BA@OJIHAOHN@?$AA1?$AA0?$AA0?$AA?5?$AAM?$AAH?$AAz@ 10022eb0     AndorNeoDll.obj
 0003:00000ec4       ??_C@_1CG@HFPEGKGA@?$AAP?$AAi?$AAx?$AAe?$AAl?$AA?5?$AAR?$AAe?$AAa?$AAd?$AAo?$AAu?$AAt?$AA?5?$AAR@ 10022ec4     AndorNeoDll.obj
 0003:00000ef4       ??_C@_1CI@KCLPIMNN@?$AAS?$AAp?$AAu?$AAr?$AAi?$AAo?$AAu?$AAs?$AAN?$AAo?$AAi?$AAs?$AAe?$AAF?$AAi@ 10022ef4     AndorNeoDll.obj
 0003:00000f24       ??_C@_1CC@DKIBCMAG@?$AAI?$AAm?$AAa?$AAg?$AAe?$AA?5?$AAS?$AAi?$AAz?$AAe?$AA?5?$AAB?$AAy?$AAt?$AAe@ 10022f24     AndorNeoDll.obj
 0003:00000f4c       ??_C@_1BK@GOHJOHFA@?$AAE?$AAx?$AAp?$AAo?$AAs?$AAu?$AAr?$AAe?$AAT?$AAi?$AAm?$AAe@ 10022f4c     AndorNeoDll.obj
 0003:00000f6c       ??_C@_1CC@PGDBBMON@?$AAA?$AAc?$AAq?$AAu?$AAi?$AAs?$AAi?$AAt?$AAi?$AAo?$AAn?$AAS?$AAt?$AAa?$AAr@ 10022f6c     AndorNeoDll.obj
 0003:00000f94       ??_C@_1CA@OJLMCGNB@?$AAA?$AAc?$AAq?$AAu?$AAi?$AAs?$AAi?$AAt?$AAi?$AAo?$AAn?$AAS?$AAt?$AAo?$AAp@ 10022f94     AndorNeoDll.obj
 0003:00000fbc       ??_C@_1BE@MBOBCDIL@?$AAA?$AAO?$AAI?$AAS?$AAt?$AAr?$AAi?$AAd?$AAe@ 10022fbc     AndorNeoDll.obj
 0003:00000fd4       ??_C@_1BI@KCOGJCPN@?$AAS?$AAe?$AAn?$AAs?$AAo?$AAr?$AAW?$AAi?$AAd?$AAt?$AAh@ 10022fd4     AndorNeoDll.obj
 0003:00000ff0       ??_C@_1BK@GJKIIANG@?$AAS?$AAe?$AAn?$AAs?$AAo?$AAr?$AAH?$AAe?$AAi?$AAg?$AAh?$AAt@ 10022ff0     AndorNeoDll.obj
 0003:00001010       ??_C@_0BP@PFIPNLNI@front?$CI?$CJ?5called?5on?5empty?5string@ 10023010     AndorNeoDll.obj
 0003:00001038       ??_C@_0GL@LKNKKOOI@C?3?2Program?5Files?5?$CIx86?$CJ?2Microsof@ 10023038     AndorNeoDll.obj
 0003:000010b8       ??_C@_1NG@IODLKHPP@?$AAC?$AA?3?$AA?2?$AAP?$AAr?$AAo?$AAg?$AAr?$AAa?$AAm?$AA?5?$AAF?$AAi?$AAl?$AAe@ 100230b8     AndorNeoDll.obj
 0003:000011b8       ??_C@_1LC@BJDDPGPA@?$AAs?$AAt?$AAd?$AA?3?$AA?3?$AAb?$AAa?$AAs?$AAi?$AAc?$AA_?$AAs?$AAt?$AAr?$AAi@ 100231b8     AndorNeoDll.obj
 0003:00001290       ??_C@_1EC@DINNLDHA@?$AA?$CC?$AAf?$AAr?$AAo?$AAn?$AAt?$AA?$CI?$AA?$CJ?$AA?5?$AAc?$AAa?$AAl?$AAl?$AAe?$AAd@ 10023290     AndorNeoDll.obj
 0003:000012e0       ??_C@_0BI@CFPLBAOH@invalid?5string?5position@ 100232e0     AndorNeoDll.obj
 0003:00001300       ??_C@_1EO@GFNCMDLA@?$AAs?$AAt?$AAd?$AA?3?$AA?3?$AA_?$AAA?$AAl?$AAl?$AAo?$AAc?$AAa?$AAt?$AAe?$AA_@ 10023300     AndorNeoDll.obj
 0003:00001360       __real@3f50624dd2f1a9fc    10023360     AndorNeoDll.obj
 0003:0000136c       ??_C@_0DN@HNMKBFBH@d?3?2a01?2_work?211?2s?2src?2vctools?2c@ 1002336c     msvcprtd:locale0_implib.obj
 0003:000013bc       ??_7type_info@@6B@         100233bc     MSVCRTD:std_type_info_static.obj
 0003:000013c4       __pRawDllMain              100233c4     MSVCRTD:dll_dllmain.obj
 0003:000013c4       __pDefaultRawDllMain       100233c4     MSVCRTD:dll_dllmain.obj
 0003:000013c8       ??_C@_0P@GHFPNOJB@bad?5allocation@ 100233c8     MSVCRTD:throw_bad_alloc.obj
 0003:00001498       ??_C@_0NN@JMPELKLB@The?5value?5of?5ESP?5was?5not?5proper@ 10023498     MSVCRTD:error.obj
 0003:000015a8       ??_C@_0BBN@ELNNILBE@A?5cast?5to?5a?5smaller?5data?5type?5h@ 100235a8     MSVCRTD:error.obj
 0003:00001700       ??_C@_0BN@BPOGFMJL@Stack?5memory?5was?5corrupted?$AN?6@ 10023700     MSVCRTD:error.obj
 0003:00001724       ??_C@_0DG@DAJCDLPN@A?5local?5variable?5was?5used?5befor@ 10023724     MSVCRTD:error.obj
 0003:00001764       ??_C@_0CM@JMIDGKLA@Stack?5memory?5around?5_alloca?5was@ 10023764     MSVCRTD:error.obj
 0003:00001798       ??_C@_0BO@CHIONIOI@Unknown?5Runtime?5Check?5Error?$AN?6@ 10023798     MSVCRTD:error.obj
 0003:000017c0       ??_C@_1GM@CNOOJIHC@?$AAR?$AAu?$AAn?$AAt?$AAi?$AAm?$AAe?$AA?5?$AAC?$AAh?$AAe?$AAc?$AAk?$AA?5?$AAE@ 100237c0     MSVCRTD:error.obj
 0003:00001848       ??_C@_1EA@NFKNIFJP@?$AAR?$AAu?$AAn?$AA?9?$AAT?$AAi?$AAm?$AAe?$AA?5?$AAC?$AAh?$AAe?$AAc?$AAk?$AA?5@ 10023848     MSVCRTD:error.obj
 0003:00001894       ??_C@_0BB@PFFGGCJP@Unknown?5Filename@ 10023894     MSVCRTD:error.obj
 0003:000018a8       ??_C@_0BE@GNBOBNCK@Unknown?5Module?5Name@ 100238a8     MSVCRTD:error.obj
 0003:000018c0       ??_C@_0CA@IODNCDPG@Run?9Time?5Check?5Failure?5?$CD?$CFd?5?9?5?$CFs@ 100238c0     MSVCRTD:error.obj
 0003:000018e8       ??_C@_0CG@IAFNJNEE@Stack?5corrupted?5near?5unknown?5va@ 100238e8     MSVCRTD:error.obj
 0003:00001918       ??_C@_05MKKEDADM@?$CF?42X?5@ 10023918     MSVCRTD:error.obj
 0003:00001920       ??_C@_0EJ@LJKNEOLN@Stack?5area?5around?5_alloca?5memor@ 10023920     MSVCRTD:error.obj
 0003:00001978       ??_C@_01EEMJAFIK@?6@       10023978     MSVCRTD:error.obj
 0003:0000197c       ??_C@_02LLMPMKNF@?$DO?5@   1002397c     MSVCRTD:error.obj
 0003:00001980       ??_C@_08OMAHNMHJ@?6Data?3?5?$DM@ 10023980     MSVCRTD:error.obj
 0003:0000198c       ??_C@_0CK@DKGBICFE@?6Allocation?5number?5within?5this?5@ 1002398c     MSVCRTD:error.obj
 0003:000019c0       ??_C@_07DFDJCKFN@?6Size?3?5@ 100239c0     MSVCRTD:error.obj
 0003:000019cc       ??_C@_0N@MHFFIMFG@?6Address?3?50x@ 100239cc     MSVCRTD:error.obj
 0003:000019e0       ??_C@_0EI@CLEPFNGI@Stack?5area?5around?5_alloca?5memor@ 100239e0     MSVCRTD:error.obj
 0003:00001a38       ??_C@_0BK@ODNDAGKB@?$CFs?$CFs?$CFp?$CFs?$CFzd?$CFs?$CFd?$CFs?$CFs?$CFs?$CFs?$CFs@ 10023a38     MSVCRTD:error.obj
 0003:00001a58       ??_C@_0DE@OHJBPMBP@A?5variable?5is?5being?5used?5withou@ 10023a58     MSVCRTD:error.obj
 0003:00001ab0       ??_C@_0BJ@HEGAHDFO@Stack?5pointer?5corruption@ 10023ab0     MSVCRTD:userapi.obj
 0003:00001ad0       ??_C@_0CK@FEGOIOPB@Cast?5to?5smaller?5type?5causing?5lo@ 10023ad0     MSVCRTD:userapi.obj
 0003:00001b04       ??_C@_0BI@CIGMDCBH@Stack?5memory?5corruption@ 10023b04     MSVCRTD:userapi.obj
 0003:00001b20       ??_C@_0CK@CNLNOEPB@Local?5variable?5used?5before?5init@ 10023b20     MSVCRTD:userapi.obj
 0003:00001b54       ??_C@_0BP@OGBCLIBO@Stack?5around?5_alloca?5corrupted@ 10023b54     MSVCRTD:userapi.obj
 0003:00001be0       ??_C@_1EI@MLPKHBGE@?$AAa?$AAp?$AAi?$AA?9?$AAm?$AAs?$AA?9?$AAw?$AAi?$AAn?$AA?9?$AAc?$AAo?$AAr?$AAe@ 10023be0     MSVCRTD:pdblkup.obj
 0003:00001c38       ??_C@_1BK@JHLNAEJL@?$AAa?$AAd?$AAv?$AAa?$AAp?$AAi?$AA3?$AA2?$AA?4?$AAd?$AAl?$AAl@ 10023c38     MSVCRTD:pdblkup.obj
 0003:00001c58       ??_C@_0O@COHOBMLB@RegOpenKeyExW@ 10023c58     MSVCRTD:pdblkup.obj
 0003:00001c68       ??_C@_0BB@GLNAEDBD@RegQueryValueExW@ 10023c68     MSVCRTD:pdblkup.obj
 0003:00001c7c       ??_C@_0M@HLOHPNFA@RegCloseKey@ 10023c7c     MSVCRTD:pdblkup.obj
 0003:00001c90       ??_C@_1HE@EBEAGLFB@?$AAS?$AAO?$AAF?$AAT?$AAW?$AAA?$AAR?$AAE?$AA?2?$AAW?$AAo?$AAw?$AA6?$AA4?$AA3@ 10023c90     MSVCRTD:pdblkup.obj
 0003:00001d1c       ??_C@_1BG@EABPBLLF@?$AAP?$AAr?$AAo?$AAd?$AAu?$AAc?$AAt?$AAD?$AAi?$AAr@ 10023d1c     MSVCRTD:pdblkup.obj
 0003:00001d5c       ??_C@_1BC@JINFINNJ@?$AAM?$AAS?$AAP?$AAD?$AAB?$AA1?$AA4?$AA0@ 10023d5c     MSVCRTD:pdblkup.obj
 0003:00001d74       ??_C@_0BB@KCIACLNC@PDBOpenValidate5@ 10023d74     MSVCRTD:pdblkup.obj
 0003:00001d88       ??_C@_01KDCPPGHE@r@        10023d88     MSVCRTD:pdblkup.obj
 0003:00001dc8       __load_config_used         10023dc8     MSVCRTD:loadcfg.obj
 0003:00002040       ___CastGuardVftablesStart  10024040     MSVCRTD:guard_support.obj
 0003:00002144       ___CastGuardVftablesEnd    10024144     MSVCRTD:guard_support.obj
 0003:00002248       ??_R4?$basic_filebuf@DU?$char_traits@D@std@@@std@@6B@ 10024248     AndorNeoDll.obj
 0003:00002260       ??_R3?$basic_filebuf@DU?$char_traits@D@std@@@std@@8 10024260     AndorNeoDll.obj
 0003:00002274       ??_R2?$basic_filebuf@DU?$char_traits@D@std@@@std@@8 10024274     AndorNeoDll.obj
 0003:00002280       ??_R1A@?0A@EA@?$basic_filebuf@DU?$char_traits@D@std@@@std@@8 10024280     AndorNeoDll.obj
 0003:000022a4       ??_R1A@?0A@EA@?$basic_streambuf@DU?$char_traits@D@std@@@std@@8 100242a4     AndorNeoDll.obj
 0003:000022c8       ??_R3?$basic_streambuf@DU?$char_traits@D@std@@@std@@8 100242c8     AndorNeoDll.obj
 0003:000022dc       ??_R2?$basic_streambuf@DU?$char_traits@D@std@@@std@@8 100242dc     AndorNeoDll.obj
 0003:000022e4       ??_R4?$basic_ofstream@DU?$char_traits@D@std@@@std@@6B@ 100242e4     AndorNeoDll.obj
 0003:000022fc       ??_R3?$basic_ofstream@DU?$char_traits@D@std@@@std@@8 100242fc     AndorNeoDll.obj
 0003:00002310       ??_R2?$basic_ofstream@DU?$char_traits@D@std@@@std@@8 10024310     AndorNeoDll.obj
 0003:0000232c       ??_R1A@?0A@EA@?$basic_ofstream@DU?$char_traits@D@std@@@std@@8 1002432c     AndorNeoDll.obj
 0003:00002350       ??_R1A@?0A@EA@?$basic_ostream@DU?$char_traits@D@std@@@std@@8 10024350     AndorNeoDll.obj
 0003:00002374       ??_R3?$basic_ostream@DU?$char_traits@D@std@@@std@@8 10024374     AndorNeoDll.obj
 0003:00002388       ??_R2?$basic_ostream@DU?$char_traits@D@std@@@std@@8 10024388     AndorNeoDll.obj
 0003:0000239c       ??_R1A@A@3FA@?$basic_ios@DU?$char_traits@D@std@@@std@@8 1002439c     AndorNeoDll.obj
 0003:000023c0       ??_R3?$basic_ios@DU?$char_traits@D@std@@@std@@8 100243c0     AndorNeoDll.obj
 0003:000023d4       ??_R2?$basic_ios@DU?$char_traits@D@std@@@std@@8 100243d4     AndorNeoDll.obj
 0003:000023e4       ??_R1A@?0A@EA@?$basic_ios@DU?$char_traits@D@std@@@std@@8 100243e4     AndorNeoDll.obj
 0003:00002408       ??_R1A@?0A@EA@ios_base@std@@8 10024408     AndorNeoDll.obj
 0003:0000242c       ??_R3ios_base@std@@8       1002442c     AndorNeoDll.obj
 0003:00002440       ??_R2ios_base@std@@8       10024440     AndorNeoDll.obj
 0003:0000244c       ??_R17?0A@EA@?$_Iosb@H@std@@8 1002444c     AndorNeoDll.obj
 0003:00002470       ??_R3?$_Iosb@H@std@@8      10024470     AndorNeoDll.obj
 0003:00002484       ??_R2?$_Iosb@H@std@@8      10024484     AndorNeoDll.obj
 0003:0000248c       ??_R1A@?0A@EA@?$_Iosb@H@std@@8 1002448c     AndorNeoDll.obj
 0003:000024b0       ??_R1A@A@3EA@ios_base@std@@8 100244b0     AndorNeoDll.obj
 0003:000024d4       ??_R17A@3EA@?$_Iosb@H@std@@8 100244d4     AndorNeoDll.obj
 0003:000024f8       ??_R4exception@std@@6B@    100244f8     AndorNeoDll.obj
 0003:00002510       ??_R3exception@std@@8      10024510     AndorNeoDll.obj
 0003:00002524       ??_R2exception@std@@8      10024524     AndorNeoDll.obj
 0003:0000252c       ??_R1A@?0A@EA@exception@std@@8 1002452c     AndorNeoDll.obj
 0003:00002550       ??_R4bad_alloc@std@@6B@    10024550     AndorNeoDll.obj
 0003:00002568       ??_R3bad_alloc@std@@8      10024568     AndorNeoDll.obj
 0003:0000257c       ??_R2bad_alloc@std@@8      1002457c     AndorNeoDll.obj
 0003:00002588       ??_R1A@?0A@EA@bad_alloc@std@@8 10024588     AndorNeoDll.obj
 0003:000025ac       ??_R4bad_array_new_length@std@@6B@ 100245ac     AndorNeoDll.obj
 0003:000025c4       ??_R3bad_array_new_length@std@@8 100245c4     AndorNeoDll.obj
 0003:000025d8       ??_R2bad_array_new_length@std@@8 100245d8     AndorNeoDll.obj
 0003:000025e8       ??_R1A@?0A@EA@bad_array_new_length@std@@8 100245e8     AndorNeoDll.obj
 0003:0000260c       ??_R4bad_cast@std@@6B@     1002460c     AndorNeoDll.obj
 0003:00002624       ??_R3bad_cast@std@@8       10024624     AndorNeoDll.obj
 0003:00002638       ??_R2bad_cast@std@@8       10024638     AndorNeoDll.obj
 0003:00002644       ??_R1A@?0A@EA@bad_cast@std@@8 10024644     AndorNeoDll.obj
 0003:00002668       ??_R4type_info@@6B@        10024668     MSVCRTD:std_type_info_static.obj
 0003:00002680       ??_R3type_info@@8          10024680     MSVCRTD:std_type_info_static.obj
 0003:00002694       ??_R2type_info@@8          10024694     MSVCRTD:std_type_info_static.obj
 0003:0000269c       ??_R1A@?0A@EA@type_info@@8 1002469c     MSVCRTD:std_type_info_static.obj
 0003:0000298c       ___rtc_iaa                 1002498c     MSVCRTD:initsect.obj
 0003:00002b9c       ___rtc_izz                 10024b9c     MSVCRTD:initsect.obj
 0003:00002ca0       ___rtc_taa                 10024ca0     MSVCRTD:initsect.obj
 0003:00002eb0       ___rtc_tzz                 10024eb0     MSVCRTD:initsect.obj
 0003:000032a4       __TI3?AVbad_array_new_length@std@@ 100252a4     AndorNeoDll.obj
 0003:000032b8       __CTA3?AVbad_array_new_length@std@@ 100252b8     AndorNeoDll.obj
 0003:000032cc       __CT??_R0?AVbad_array_new_length@std@@@8??0bad_array_new_length@std@@QAE@ABV01@@Z12 100252cc     AndorNeoDll.obj
 0003:000032ec       __CT??_R0?AVbad_alloc@std@@@8??0bad_alloc@std@@QAE@ABV01@@Z12 100252ec     AndorNeoDll.obj
 0003:0000330c       __CT??_R0?AVexception@std@@@8??0exception@std@@QAE@ABV01@@Z12 1002530c     AndorNeoDll.obj
 0003:0000332c       __TI2?AVbad_cast@std@@     1002532c     AndorNeoDll.obj
 0003:00003340       __CTA2?AVbad_cast@std@@    10025340     AndorNeoDll.obj
 0003:00003350       __CT??_R0?AVbad_cast@std@@@8??0bad_cast@std@@QAE@ABV01@@Z12 10025350     AndorNeoDll.obj
 0003:00003430       __TI2?AVbad_alloc@std@@    10025430     MSVCRTD:throw_bad_alloc.obj
 0003:00003444       __CTA2?AVbad_alloc@std@@   10025444     MSVCRTD:throw_bad_alloc.obj
 0004:00000000       ?__LINE__Var@?0??_Adjust_manually_vector_aligned@std@@YAXAAPAXAAI@Z@4JA 10026000     AndorNeoDll.obj
 0004:00000004       __fltused                  10026004     MSVCRTD:fltused.obj
 0004:00000008       ___scrt_native_dllmain_reason 10026008     MSVCRTD:utility.obj
 0004:0000000c       ___security_cookie_complement 1002600c     MSVCRTD:gs_cookie.obj
 0004:00000010       ___security_cookie         10026010     MSVCRTD:gs_cookie.obj
 0004:00000018       ?_RTC_ErrorLevels@@3PAHA   10026018     MSVCRTD:error.obj
 0004:00000030       ___isa_enabled             10026030     MSVCRTD:cpu_disp.obj
 0004:00000034       ___scrt_ucrt_dll_is_in_use 10026034     MSVCRTD:ucrt_stubs.obj
 0004:00000140       ??_R0?AVbad_array_new_length@std@@@8 10026140     AndorNeoDll.obj
 0004:00000170       ??_R0?AVbad_alloc@std@@@8  10026170     AndorNeoDll.obj
 0004:00000194       ??_R0?AVexception@std@@@8  10026194     AndorNeoDll.obj
 0004:000001b8       ??_R0?AVbad_cast@std@@@8   100261b8     AndorNeoDll.obj
 0004:000002dc       ??_R0?AV?$basic_filebuf@DU?$char_traits@D@std@@@std@@@8 100262dc     AndorNeoDll.obj
 0004:00000324       ??_R0?AV?$basic_streambuf@DU?$char_traits@D@std@@@std@@@8 10026324     AndorNeoDll.obj
 0004:0000036c       ??_R0?AV?$basic_ofstream@DU?$char_traits@D@std@@@std@@@8 1002636c     AndorNeoDll.obj
 0004:000003b4       ??_R0?AV?$basic_ostream@DU?$char_traits@D@std@@@std@@@8 100263b4     AndorNeoDll.obj
 0004:000003fc       ??_R0?AV?$basic_ios@DU?$char_traits@D@std@@@std@@@8 100263fc     AndorNeoDll.obj
 0004:0000043c       ??_R0?AVios_base@std@@@8   1002643c     AndorNeoDll.obj
 0004:0000045c       ??_R0?AV?$_Iosb@H@std@@@8  1002645c     AndorNeoDll.obj
 0004:00000480       ??_R0?AVtype_info@@@8      10026480     MSVCRTD:std_type_info_static.obj
 0004:000005a8       ?Hndl@@3HA                 100265a8     AndorNeoDll.obj
 0004:000005ac       ?BufferSize@@3HA           100265ac     AndorNeoDll.obj
 0004:000005b0       ?UserBuffer@@3PAEA         100265b0     AndorNeoDll.obj
 0004:000005b4       ?buffer_assigned@@3_NA     100265b4     AndorNeoDll.obj
 0004:000005b8       ?CAMMODE@@3HA              100265b8     AndorNeoDll.obj
 0004:000005c0       ?_Stinit@?1??_Init@?$basic_filebuf@DU?$char_traits@D@std@@@std@@IAEXPAU_iobuf@@W4_Initfl@23@@Z@4U_Mbstatet@@A 100265c0     AndorNeoDll.obj
 0004:000005cc       ?_Psave@?$_Facetptr@V?$codecvt@DDU_Mbstatet@@@std@@@std@@2PBVfacet@locale@2@B 100265cc     AndorNeoDll.obj
 0004:000005d0       ___@@_PchSym_@00@UfhvihUpozfhLyvxpviUwlxfnvmghUurovhUfnxlmgilooviUfnxlmgilooviortsgUzmwlimvlwooUwvyftUhgwzucOlyq@4B2008FD98C1DD4 100265d0     stdafx.obj
 0004:000005e0       ___scrt_current_native_startup_state 100265e0     MSVCRTD:utility.obj
 0004:000005e4       ___scrt_native_startup_lock 100265e4     MSVCRTD:utility.obj
 0004:0000060c       ___castguard_check_failure_os_handled_fptr 1002660c     MSVCRTD:guard_support.obj
 0004:00000610       ?_OptionsStorage@?1??__local_stdio_printf_options@@9@4_KA 10026610     MSVCRTD:error.obj
 0004:00000628       ?__type_info_root_node@@3U__type_info_node@@A 10026628     MSVCRTD:tncleanup.obj
 0004:00000638       ?_OptionsStorage@?1??__local_stdio_scanf_options@@9@4_KA 10026638     MSVCRTD:default_local_stdio_options.obj
 0004:00000644       ___scrt_debugger_hook_flag 10026644     MSVCRTD:utility_desktop.obj
 0004:00000648       ___isa_available           10026648     MSVCRTD:cpu_disp.obj
 0004:0000064c       ___favor                   1002664c     MSVCRTD:cpu_disp.obj
 0004:00000a1c       ___dyn_tls_init_callback   10026a1c     <common>
 0005:00000000       __imp__IsDebuggerPresent@0 10027000     kernel32:KERNEL32.dll
 0005:00000004       __imp__GetProcAddress@8    10027004     kernel32:KERNEL32.dll
 0005:00000008       __imp__FreeLibrary@4       10027008     kernel32:KERNEL32.dll
 0005:0000000c       __imp__VirtualQuery@12     1002700c     kernel32:KERNEL32.dll
 0005:00000010       __imp__GetProcessHeap@0    10027010     kernel32:KERNEL32.dll
 0005:00000014       __imp__HeapFree@12         10027014     kernel32:KERNEL32.dll
 0005:00000018       __imp__HeapAlloc@12        10027018     kernel32:KERNEL32.dll
 0005:0000001c       __imp__GetLastError@0      1002701c     kernel32:KERNEL32.dll
 0005:00000020       __imp__TerminateProcess@8  10027020     kernel32:KERNEL32.dll
 0005:00000024       __imp__GetCurrentProcess@0 10027024     kernel32:KERNEL32.dll
 0005:00000028       __imp__GetModuleHandleW@4  10027028     kernel32:KERNEL32.dll
 0005:0000002c       __imp__IsProcessorFeaturePresent@4 1002702c     kernel32:KERNEL32.dll
 0005:00000030       __imp__GetStartupInfoW@4   10027030     kernel32:KERNEL32.dll
 0005:00000034       __imp__RaiseException@16   10027034     kernel32:KERNEL32.dll
 0005:00000038       __imp__MultiByteToWideChar@24 10027038     kernel32:KERNEL32.dll
 0005:0000003c       __imp__WideCharToMultiByte@32 1002703c     kernel32:KERNEL32.dll
 0005:00000040       __imp__QueryPerformanceCounter@4 10027040     kernel32:KERNEL32.dll
 0005:00000044       __imp__GetCurrentProcessId@0 10027044     kernel32:KERNEL32.dll
 0005:00000048       __imp__GetCurrentThreadId@0 10027048     kernel32:KERNEL32.dll
 0005:0000004c       __imp__GetSystemTimeAsFileTime@4 1002704c     kernel32:KERNEL32.dll
 0005:00000050       __imp__InitializeSListHead@4 10027050     kernel32:KERNEL32.dll
 0005:00000054       __imp__UnhandledExceptionFilter@4 10027054     kernel32:KERNEL32.dll
 0005:00000058       __imp__SetUnhandledExceptionFilter@4 10027058     kernel32:KERNEL32.dll
 0005:0000005c       \177KERNEL32_NULL_THUNK_DATA 1002705c     kernel32:KERNEL32.dll
 0005:00000098       __imp_?_Getcat@?$codecvt@DDU_Mbstatet@@@std@@SAIPAPBVfacet@locale@2@PBV42@@Z 10027098     msvcprtd:MSVCP140D.dll
 0005:0000009c       __imp_?good@ios_base@std@@QBE_NXZ 1002709c     msvcprtd:MSVCP140D.dll
 0005:000000a0       __imp_?flags@ios_base@std@@QBEHXZ 100270a0     msvcprtd:MSVCP140D.dll
 0005:000000a4       __imp_?width@ios_base@std@@QBE_JXZ 100270a4     msvcprtd:MSVCP140D.dll
 0005:000000a8       __imp_?width@ios_base@std@@QAE_J_J@Z 100270a8     msvcprtd:MSVCP140D.dll
 0005:000000ac       __imp_??0?$basic_streambuf@DU?$char_traits@D@std@@@std@@IAE@XZ 100270ac     msvcprtd:MSVCP140D.dll
 0005:000000b0       __imp_??1?$basic_streambuf@DU?$char_traits@D@std@@@std@@UAE@XZ 100270b0     msvcprtd:MSVCP140D.dll
 0005:000000b4       __imp_?getloc@?$basic_streambuf@DU?$char_traits@D@std@@@std@@QBE?AVlocale@2@XZ 100270b4     msvcprtd:MSVCP140D.dll
 0005:000000b8       __imp_?sputc@?$basic_streambuf@DU?$char_traits@D@std@@@std@@QAEHD@Z 100270b8     msvcprtd:MSVCP140D.dll
 0005:000000bc       __imp_?sputn@?$basic_streambuf@DU?$char_traits@D@std@@@std@@QAE_JPBD_J@Z 100270bc     msvcprtd:MSVCP140D.dll
 0005:000000c0       __imp_?eback@?$basic_streambuf@DU?$char_traits@D@std@@@std@@IBEPADXZ 100270c0     msvcprtd:MSVCP140D.dll
 0005:000000c4       __imp_?gptr@?$basic_streambuf@DU?$char_traits@D@std@@@std@@IBEPADXZ 100270c4     msvcprtd:MSVCP140D.dll
 0005:000000c8       __imp_?pptr@?$basic_streambuf@DU?$char_traits@D@std@@@std@@IBEPADXZ 100270c8     msvcprtd:MSVCP140D.dll
 0005:000000cc       __imp_?egptr@?$basic_streambuf@DU?$char_traits@D@std@@@std@@IBEPADXZ 100270cc     msvcprtd:MSVCP140D.dll
 0005:000000d0       __imp_?gbump@?$basic_streambuf@DU?$char_traits@D@std@@@std@@IAEXH@Z 100270d0     msvcprtd:MSVCP140D.dll
 0005:000000d4       __imp_?setg@?$basic_streambuf@DU?$char_traits@D@std@@@std@@IAEXPAD00@Z 100270d4     msvcprtd:MSVCP140D.dll
 0005:000000d8       __imp_?epptr@?$basic_streambuf@DU?$char_traits@D@std@@@std@@IBEPADXZ 100270d8     msvcprtd:MSVCP140D.dll
 0005:000000dc       __imp_?_Gndec@?$basic_streambuf@DU?$char_traits@D@std@@@std@@IAEPADXZ 100270dc     msvcprtd:MSVCP140D.dll
 0005:000000e0       __imp_?_Gninc@?$basic_streambuf@DU?$char_traits@D@std@@@std@@IAEPADXZ 100270e0     msvcprtd:MSVCP140D.dll
 0005:000000e4       __imp_?_Gnavail@?$basic_streambuf@DU?$char_traits@D@std@@@std@@IBE_JXZ 100270e4     msvcprtd:MSVCP140D.dll
 0005:000000e8       __imp_?pbump@?$basic_streambuf@DU?$char_traits@D@std@@@std@@IAEXH@Z 100270e8     msvcprtd:MSVCP140D.dll
 0005:000000ec       __imp_?_Pninc@?$basic_streambuf@DU?$char_traits@D@std@@@std@@IAEPADXZ 100270ec     msvcprtd:MSVCP140D.dll
 0005:000000f0       __imp_?_Pnavail@?$basic_streambuf@DU?$char_traits@D@std@@@std@@IBE_JXZ 100270f0     msvcprtd:MSVCP140D.dll
 0005:000000f4       __imp_?_Init@?$basic_streambuf@DU?$char_traits@D@std@@@std@@IAEXXZ 100270f4     msvcprtd:MSVCP140D.dll
 0005:000000f8       __imp_?unshift@?$codecvt@DDU_Mbstatet@@@std@@QBEHAAU_Mbstatet@@PAD1AAPAD@Z 100270f8     msvcprtd:MSVCP140D.dll
 0005:000000fc       __imp_?xsgetn@?$basic_streambuf@DU?$char_traits@D@std@@@std@@MAE_JPAD_J@Z 100270fc     msvcprtd:MSVCP140D.dll
 0005:00000100       __imp_?xsputn@?$basic_streambuf@DU?$char_traits@D@std@@@std@@MAE_JPBD_J@Z 10027100     msvcprtd:MSVCP140D.dll
 0005:00000104       __imp_??1?$basic_ios@DU?$char_traits@D@std@@@std@@UAE@XZ 10027104     msvcprtd:MSVCP140D.dll
 0005:00000108       __imp_?clear@?$basic_ios@DU?$char_traits@D@std@@@std@@QAEXH_N@Z 10027108     msvcprtd:MSVCP140D.dll
 0005:0000010c       __imp_?setstate@?$basic_ios@DU?$char_traits@D@std@@@std@@QAEXH_N@Z 1002710c     msvcprtd:MSVCP140D.dll
 0005:00000110       __imp_?tie@?$basic_ios@DU?$char_traits@D@std@@@std@@QBEPAV?$basic_ostream@DU?$char_traits@D@std@@@2@XZ 10027110     msvcprtd:MSVCP140D.dll
 0005:00000114       __imp_?rdbuf@?$basic_ios@DU?$char_traits@D@std@@@std@@QBEPAV?$basic_streambuf@DU?$char_traits@D@std@@@2@XZ 10027114     msvcprtd:MSVCP140D.dll
 0005:00000118       __imp_?fill@?$basic_ios@DU?$char_traits@D@std@@@std@@QBEDXZ 10027118     msvcprtd:MSVCP140D.dll
 0005:0000011c       __imp_?widen@?$basic_ios@DU?$char_traits@D@std@@@std@@QBEDD@Z 1002711c     msvcprtd:MSVCP140D.dll
 0005:00000120       __imp_??0?$basic_ios@DU?$char_traits@D@std@@@std@@IAE@XZ 10027120     msvcprtd:MSVCP140D.dll
 0005:00000124       __imp_??0?$basic_ostream@DU?$char_traits@D@std@@@std@@QAE@PAV?$basic_streambuf@DU?$char_traits@D@std@@@1@_N@Z 10027124     msvcprtd:MSVCP140D.dll
 0005:00000128       __imp_??1?$basic_ostream@DU?$char_traits@D@std@@@std@@UAE@XZ 10027128     msvcprtd:MSVCP140D.dll
 0005:0000012c       __imp_?_Osfx@?$basic_ostream@DU?$char_traits@D@std@@@std@@QAEXXZ 1002712c     msvcprtd:MSVCP140D.dll
 0005:00000130       __imp_??6?$basic_ostream@DU?$char_traits@D@std@@@std@@QAEAAV01@P6AAAV01@AAV01@@Z@Z 10027130     msvcprtd:MSVCP140D.dll
 0005:00000134       __imp_??6?$basic_ostream@DU?$char_traits@D@std@@@std@@QAEAAV01@H@Z 10027134     msvcprtd:MSVCP140D.dll
 0005:00000138       __imp_?put@?$basic_ostream@DU?$char_traits@D@std@@@std@@QAEAAV12@D@Z 10027138     msvcprtd:MSVCP140D.dll
 0005:0000013c       __imp_?flush@?$basic_ostream@DU?$char_traits@D@std@@@std@@QAEAAV12@XZ 1002713c     msvcprtd:MSVCP140D.dll
 0005:00000140       __imp_?_Fiopen@std@@YAPAU_iobuf@@PBDHH@Z 10027140     msvcprtd:MSVCP140D.dll
 0005:00000144       __imp_?showmanyc@?$basic_streambuf@DU?$char_traits@D@std@@@std@@MAE_JXZ 10027144     msvcprtd:MSVCP140D.dll
 0005:00000148       __imp_?id@?$codecvt@DDU_Mbstatet@@@std@@2V0locale@2@A 10027148     msvcprtd:MSVCP140D.dll
 0005:0000014c       __imp_?_Xbad_alloc@std@@YAXXZ 1002714c     msvcprtd:MSVCP140D.dll
 0005:00000150       __imp_??0_Lockit@std@@QAE@H@Z 10027150     msvcprtd:MSVCP140D.dll
 0005:00000154       __imp_??1_Lockit@std@@QAE@XZ 10027154     msvcprtd:MSVCP140D.dll
 0005:00000158       __imp_?_Xlength_error@std@@YAXPBD@Z 10027158     msvcprtd:MSVCP140D.dll
 0005:0000015c       __imp_?_Xout_of_range@std@@YAXPBD@Z 1002715c     msvcprtd:MSVCP140D.dll
 0005:00000160       __imp_?uncaught_exception@std@@YA_NXZ 10027160     msvcprtd:MSVCP140D.dll
 0005:00000164       __imp_??Bid@locale@std@@QAEIXZ 10027164     msvcprtd:MSVCP140D.dll
 0005:00000168       __imp_?_Getgloballocale@locale@std@@CAPAV_Locimp@12@XZ 10027168     msvcprtd:MSVCP140D.dll
 0005:0000016c       __imp_?always_noconv@codecvt_base@std@@QBE_NXZ 1002716c     msvcprtd:MSVCP140D.dll
 0005:00000170       __imp_?in@?$codecvt@DDU_Mbstatet@@@std@@QBEHAAU_Mbstatet@@PBD1AAPBDPAD3AAPAD@Z 10027170     msvcprtd:MSVCP140D.dll
 0005:00000174       __imp_?out@?$codecvt@DDU_Mbstatet@@@std@@QBEHAAU_Mbstatet@@PBD1AAPBDPAD3AAPAD@Z 10027174     msvcprtd:MSVCP140D.dll
 0005:00000178       __imp_?_Init@?$basic_streambuf@DU?$char_traits@D@std@@@std@@IAEXPAPAD0PAH001@Z 10027178     msvcprtd:MSVCP140D.dll
 0005:0000017c       \177MSVCP140D_NULL_THUNK_DATA 1002717c     msvcprtd:MSVCP140D.dll
 0005:000001d4       __imp____vcrt_GetModuleFileNameW 100271d4     vcruntimed:VCRUNTIME140D.dll
 0005:000001d8       __imp____vcrt_GetModuleHandleW 100271d8     vcruntimed:VCRUNTIME140D.dll
 0005:000001dc       __imp____vcrt_LoadLibraryExW 100271dc     vcruntimed:VCRUNTIME140D.dll
 0005:000001e0       __imp____current_exception_context 100271e0     vcruntimed:VCRUNTIME140D.dll
 0005:000001e4       __imp____current_exception 100271e4     vcruntimed:VCRUNTIME140D.dll
 0005:000001e8       __imp___except_handler4_common 100271e8     vcruntimed:VCRUNTIME140D.dll
 0005:000001ec       __imp____CxxFrameHandler3  100271ec     vcruntimed:VCRUNTIME140D.dll
 0005:000001f0       __imp___CxxThrowException@8 100271f0     vcruntimed:VCRUNTIME140D.dll
 0005:000001f4       __imp____std_exception_destroy 100271f4     vcruntimed:VCRUNTIME140D.dll
 0005:000001f8       __imp____std_exception_copy 100271f8     vcruntimed:VCRUNTIME140D.dll
 0005:000001fc       __imp__memmove             100271fc     vcruntimed:VCRUNTIME140D.dll
 0005:00000200       __imp__memcpy              10027200     vcruntimed:VCRUNTIME140D.dll
 0005:00000204       __imp____std_type_info_destroy_list 10027204     vcruntimed:VCRUNTIME140D.dll
[...]
 0002:00001140       ??__F_Fac_tidy_reg@std@@YAXXZ 10012140 f   msvcprtd:locale0_implib.obj
 0002:00002acd       __catch$??$?6U?$char_traits@D@std@@@std@@YAAAV?$basic_ostream@DU?$char_traits@D@std@@@0@AAV10@PBD@Z$0 10013acd f i AndorNeoDll.obj
 0002:00002b70       $LN32                      10013b70     AndorNeoDll.obj
 0002:00002b78       $LN31                      10013b78     AndorNeoDll.obj
 0002:00002b84       $LN29                      10013b84     AndorNeoDll.obj
 0002:00003494       $LN8                       10014494     AndorNeoDll.obj
 0002:0000349c       $LN7                       1001449c     AndorNeoDll.obj
 0002:000034a8       $LN6                       100144a8     AndorNeoDll.obj
 0002:00003acc       $LN15                      10014acc     AndorNeoDll.obj
 0002:00003ad4       $LN14                      10014ad4     AndorNeoDll.obj
 0002:00003af8       $LN12                      10014af8     AndorNeoDll.obj
 0002:00003b05       $LN11                      10014b05     AndorNeoDll.obj
 0002:00003b0c       $LN10                      10014b0c     AndorNeoDll.obj
 0002:00004840       $LN5                       10015840     AndorNeoDll.obj
 0002:00004848       $LN4                       10015848     AndorNeoDll.obj
 0002:00004854       $LN3                       10015854     AndorNeoDll.obj
 0002:000054e0       $LN7                       100164e0     AndorNeoDll.obj
 0002:000054e8       $LN6                       100164e8     AndorNeoDll.obj
 0002:000054f4       $LN5                       100164f4     AndorNeoDll.obj
 0002:0000577c       $LN18                      1001677c     AndorNeoDll.obj
 0002:00005784       $LN17                      10016784     AndorNeoDll.obj
 0002:0000579c       $LN16                      1001679c     AndorNeoDll.obj
 0002:000057a2       $LN15                      100167a2     AndorNeoDll.obj
 0002:00005bd8       $LN10                      10016bd8     AndorNeoDll.obj
 0002:00005be0       $LN9                       10016be0     AndorNeoDll.obj
 0002:00005c04       $LN8                       10016c04     AndorNeoDll.obj
 0002:00005c08       $LN7                       10016c08     AndorNeoDll.obj
 0002:00005c0c       $LN6                       10016c0c     AndorNeoDll.obj
 0002:00005f94       $LN5                       10016f94     AndorNeoDll.obj
 0002:00005f9c       $LN4                       10016f9c     AndorNeoDll.obj
 0002:00005fa8       $LN3                       10016fa8     AndorNeoDll.obj
 0002:00006c68       $LN9                       10017c68     AndorNeoDll.obj
 0002:00006c70       $LN8                       10017c70     AndorNeoDll.obj
 0002:00006c94       $LN6                       10017c94     AndorNeoDll.obj
 0002:00006c9c       $LN5                       10017c9c     AndorNeoDll.obj
 0002:00006ca4       $LN4                       10017ca4     AndorNeoDll.obj
 0002:00006ebc       $LN5                       10017ebc     AndorNeoDll.obj
 0002:00006ec4       $LN4                       10017ec4     AndorNeoDll.obj
 0002:00006ed0       $LN3                       10017ed0     AndorNeoDll.obj
 0002:00007458       $LN24                      10018458     AndorNeoDll.obj
 0002:00007460       $LN23                      10018460     AndorNeoDll.obj
 0002:00007490       $LN22                      10018490     AndorNeoDll.obj
 0002:00007496       $LN21                      10018496     AndorNeoDll.obj
 0002:0000749b       $LN20                      1001849b     AndorNeoDll.obj
 0002:0000749f       $LN19                      1001849f     AndorNeoDll.obj
 0002:00007a2c       $LN10                      10018a2c     AndorNeoDll.obj
 0002:00007a34       $LN9                       10018a34     AndorNeoDll.obj
 0002:00007a40       $LN8                       10018a40     AndorNeoDll.obj
 0002:00007b94       $LN7                       10018b94     AndorNeoDll.obj
 0002:00007b9c       $LN6                       10018b9c     AndorNeoDll.obj
 0002:00007ba8       $LN5                       10018ba8     AndorNeoDll.obj
 0002:00008150       $LN29                      10019150     AndorNeoDll.obj
 0002:00008158       $LN28                      10019158     AndorNeoDll.obj
 0002:00008194       $LN26                      10019194     AndorNeoDll.obj
 0002:0000819a       $LN25                      1001919a     AndorNeoDll.obj
 0002:0000819e       $LN24                      1001919e     AndorNeoDll.obj
 0002:000081a3       $LN23                      100191a3     AndorNeoDll.obj
 0002:000081a8       $LN22                      100191a8     AndorNeoDll.obj
 0002:00008398       $LN9                       10019398     AndorNeoDll.obj
 0002:000083a0       $LN8                       100193a0     AndorNeoDll.obj
 0002:000083ac       $LN7                       100193ac     AndorNeoDll.obj
 0002:00008624       $LN15                      10019624     AndorNeoDll.obj
 0002:0000862c       $LN14                      1001962c     AndorNeoDll.obj
 0002:00008644       $LN13                      10019644     AndorNeoDll.obj
 0002:0000864f       $LN12                      1001964f     AndorNeoDll.obj
 0002:00008a04       $LN8                       10019a04     AndorNeoDll.obj
 0002:00008a0c       $LN7                       10019a0c     AndorNeoDll.obj
 0002:00008a24       $LN6                       10019a24     AndorNeoDll.obj
 0002:00008a26       $LN5                       10019a26     AndorNeoDll.obj
 0002:00008d78       $LN27                      10019d78     AndorNeoDll.obj
 0002:00008d80       $LN26                      10019d80     AndorNeoDll.obj
 0002:00008d98       $LN25                      10019d98     AndorNeoDll.obj
 0002:00008da1       $LN24                      10019da1     AndorNeoDll.obj
 0002:00009264       $LN39                      1001a264     AndorNeoDll.obj
 0002:0000926c       $LN38                      1001a26c     AndorNeoDll.obj
 0002:00009284       $LN37                      1001a284     AndorNeoDll.obj
 0002:00009293       $LN36                      1001a293     AndorNeoDll.obj
 0002:000092a4       $LN35                      1001a2a4     AndorNeoDll.obj
 0002:00009c00       ?dllmain_crt_dispatch@@YGHQAUHINSTANCE__@@KQAX@Z 1001ac00 f   MSVCRTD:dll_dllmain.obj
 0002:00009c6c       $LN11                      1001ac6c     MSVCRTD:dll_dllmain.obj
 0002:00009ca0       ?dllmain_crt_process_attach@@YAHQAUHINSTANCE__@@QAX@Z 1001aca0 f   MSVCRTD:dll_dllmain.obj
 0002:00009e70       ?dllmain_crt_process_detach@@YAH_N@Z 1001ae70 f   MSVCRTD:dll_dllmain.obj
 0002:00009fb0       ?dllmain_dispatch@@YAHQAUHINSTANCE__@@KQAX@Z 1001afb0 f   MSVCRTD:dll_dllmain.obj
 0002:0000a1a0       ?dllmain_raw@@YGHQAUHINSTANCE__@@KQAX@Z 1001b1a0 f   MSVCRTD:dll_dllmain.obj
 0002:0000a270       ?find_pe_section@@YAPAU_IMAGE_SECTION_HEADER@@QAEI@Z 1001b270 f   MSVCRTD:utility.obj
 0002:0000a330       ?is_potentially_valid_image_base@@YA_NQAX@Z 1001b330 f   MSVCRTD:utility.obj
 0002:0000ab60       ___castguard_compat_check  1001bb60 f   MSVCRTD:guard_support.obj
 0002:0000acc0       ___castguard_slow_path_compat_check 1001bcc0 f   MSVCRTD:guard_support.obj
 0002:0000ae00       ?DebuggerProbe@@YA_NK@Z    1001be00 f   MSVCRTD:error.obj
 0002:0000ae50       ?DebuggerRuntime@@YA_NKHPAXPB_W@Z 1001be50 f   MSVCRTD:error.obj
 0002:0000b120       ?_getMemBlockDataString@@YAXPAD0PBDI@Z 1001c120 f   MSVCRTD:error.obj
 0002:0000b1b0       ?_strlen_priv@@YAIPBD@Z    1001c1b0 f   MSVCRTD:error.obj
 0002:0000b1d0       ?failwithmessage@@YAXPAXHHPBD@Z 1001c1d0 f   MSVCRTD:error.obj
 0002:0000b450       ?notify_debugger@@YAXABUtagEXCEPTION_VISUALCPP_DEBUG_INFO@@@Z 1001c450 f   MSVCRTD:error.obj
 0002:0000b730       ___get_entropy             1001c730 f   MSVCRTD:gs_support.obj
 0002:0000c5e0       ?GetPdbDll@@YAPAUHINSTANCE__@@XZ 1001d5e0 f   MSVCRTD:pdblkup.obj
 0002:0000c770       ?GetPdbDllFromInstallPath@@YAPAUHINSTANCE__@@XZ 1001d770 f   MSVCRTD:pdblkup.obj
 0002:0000ca60       ?GetPdbDllPathFromFilePath@@YAHPB_WPA_WI@Z 1001da60 f   MSVCRTD:pdblkup.obj
 0002:0000e790       __unwindfunclet$??$?6U?$char_traits@D@std@@@std@@YAAAV?$basic_ostream@DU?$char_traits@D@std@@@0@AAV10@PBD@Z$2 1001f790 f   AndorNeoDll.obj
 0002:0000e79d       __ehhandler$??$?6U?$char_traits@D@std@@@std@@YAAAV?$basic_ostream@DU?$char_traits@D@std@@@0@AAV10@PBD@Z 1001f79d f   AndorNeoDll.obj
 0002:0000e7b0       __ehhandler$??$_Deallocate@$07$0A@@std@@YAXPAXI@Z 1001f7b0 f   AndorNeoDll.obj
 0002:0000e7c0       __ehhandler$??$_Deallocate_plain@V?$allocator@U_Container_proxy@std@@@std@@@std@@YAXAAV?$allocator@U_Container_proxy@std@@@0@QAU_Container_proxy@0@@Z 1001f7c0 f   AndorNeoDll.obj
 0002:0000e7d0       __unwindfunclet$??$use_facet@V?$codecvt@DDU_Mbstatet@@@std@@@std@@YAABV?$codecvt@DDU_Mbstatet@@@0@ABVlocale@0@@Z$0 1001f7d0 f   AndorNeoDll.obj
 0002:0000e7e2       __unwindfunclet$??$use_facet@V?$codecvt@DDU_Mbstatet@@@std@@@std@@YAABV?$codecvt@DDU_Mbstatet@@@0@ABVlocale@0@@Z$1 1001f7e2 f   AndorNeoDll.obj
 0002:0000e7ef       __ehhandler$??$use_facet@V?$codecvt@DDU_Mbstatet@@@std@@@std@@YAABV?$codecvt@DDU_Mbstatet@@@0@ABVlocale@0@@Z 1001f7ef f   AndorNeoDll.obj
 0002:0000e810       __unwindfunclet$??0?$basic_filebuf@DU?$char_traits@D@std@@@std@@QAE@XZ$0 1001f810 f   AndorNeoDll.obj
 0002:0000e827       __ehhandler$??0?$basic_filebuf@DU?$char_traits@D@std@@@std@@QAE@XZ 1001f827 f   AndorNeoDll.obj
 0002:0000e840       __unwindfunclet$??0?$basic_ofstream@DU?$char_traits@D@std@@@std@@QAE@XZ$0 1001f840 f   AndorNeoDll.obj
 0002:0000e86c       __unwindfunclet$??0?$basic_ofstream@DU?$char_traits@D@std@@@std@@QAE@XZ$1 1001f86c f   AndorNeoDll.obj
 0002:0000e886       __ehhandler$??0?$basic_ofstream@DU?$char_traits@D@std@@@std@@QAE@XZ 1001f886 f   AndorNeoDll.obj
 0002:0000e8b0       __ehhandler$??0?$basic_string@DU?$char_traits@D@std@@V?$allocator@D@2@@std@@QAE@XZ 1001f8b0 f   AndorNeoDll.obj
 0002:0000e8c0       __unwindfunclet$??0sentry@?$basic_ostream@DU?$char_traits@D@std@@@std@@QAE@AAV12@@Z$0 1001f8c0 f   AndorNeoDll.obj
 0002:0000e8cd       __ehhandler$??0sentry@?$basic_ostream@DU?$char_traits@D@std@@@std@@QAE@AAV12@@Z 1001f8cd f   AndorNeoDll.obj
 0002:0000e8e0       __ehhandler$??1?$basic_filebuf@DU?$char_traits@D@std@@@std@@UAE@XZ 1001f8e0 f   AndorNeoDll.obj
 0002:0000e8f0       __ehhandler$??1_Sentry_base@?$basic_ostream@DU?$char_traits@D@std@@@std@@QAE@XZ 1001f8f0 f   AndorNeoDll.obj
 0002:0000e900       __ehhandler$??1sentry@?$basic_ostream@DU?$char_traits@D@std@@@std@@QAE@XZ 1001f900 f   AndorNeoDll.obj
 0002:0000e910       __ehhandler$?_Tidy_deallocate@?$basic_string@DU?$char_traits@D@std@@V?$allocator@D@2@@std@@AAEXXZ 1001f910 f   AndorNeoDll.obj
 0002:0000e920       __unwindfunclet$?handle_error@@YAHHH@Z$0 1001f920 f   AndorNeoDll.obj
 0002:0000e930       __ehhandler$?handle_error@@YAHHH@Z 1001f930 f   AndorNeoDll.obj
 0002:0000e950       __unwindfunclet$?open@?$basic_filebuf@DU?$char_traits@D@std@@@std@@QAEPAV12@PBDHH@Z$0 1001f950 f   AndorNeoDll.obj
 0002:0000e960       __ehhandler$?open@?$basic_filebuf@DU?$char_traits@D@std@@@std@@QAEPAV12@PBDHH@Z 1001f960 f   AndorNeoDll.obj
 0002:0000e980       __unwindfunclet$?uflow@?$basic_filebuf@DU?$char_traits@D@std@@@std@@MAEHXZ$0 1001f980 f   AndorNeoDll.obj
 0002:0000e98d       __ehhandler$?uflow@?$basic_filebuf@DU?$char_traits@D@std@@@std@@MAEHXZ 1001f98d f   AndorNeoDll.obj
 0002:0000e9a0       __unwindfunclet$?_Facet_Register@std@@YAXPAV_Facet_base@1@@Z$0 1001f9a0 f   msvcprtd:locale0_implib.obj
 0002:0000e9b0       __ehhandler$?_Facet_Register@std@@YAXPAV_Facet_base@1@@Z 1001f9b0 f   msvcprtd:locale0_implib.obj
 0002:0000f9f0       ??__F_Fac_tidy_reg@std@@YAXXZ 100209f0 f   msvcprtd:locale0_implib.obj
 0003:00000104       ?_Fac_tidy_reg$initializer$@std@@3P6AXXZA 10022104     msvcprtd:locale0_implib.obj
 0003:000013dc       ?_RTC_ErrorMessages@@3QBQBDB 100233dc     MSVCRTD:error.obj
 0003:000013f4       ?_RTC_NoFalsePositives@@3QBHB 100233f4     MSVCRTD:error.obj
 0003:0000140c       ?stack_premsg@@3QBDB       1002340c     MSVCRTD:error.obj
 0003:00001428       ?stack_postmsg@@3QBDB      10023428     MSVCRTD:error.obj
 0003:0000143c       ?uninit_premsg@@3QBDB      1002343c     MSVCRTD:error.obj
 0003:0000144c       ?uninit_postmsg@@3QBDB     1002344c     MSVCRTD:error.obj
 0003:00001a98       ?_RTC_errlist@@3QBQBDB     10023a98     MSVCRTD:userapi.obj
 0003:00001b7c       _GS_ExceptionPointers      10023b7c     MSVCRTD:gs_report.obj
 0003:00001b88       ?mspdbName@@3QB_WB         10023b88     MSVCRTD:pdblkup.obj
 0003:00001bac       ?debugCrtFileName@@3QB_WB  10023bac     MSVCRTD:pdblkup.obj
 0003:00001d38       ?dllExt@?1??GetPdbDllPathFromFilePath@@YAHPB_WPA_WI@Z@4QB_WB 10023d38     MSVCRTD:pdblkup.obj
 0003:00001d44       ?mspdbFilename@?1??GetPdbDllPathFromFilePath@@YAHPB_WPA_WI@Z@4QB_WB 10023d44     MSVCRTD:pdblkup.obj
 0003:00002a90       __RTC_InitBase.rtc$IMZ     10024a90     AndorNeoDll.obj
 0003:00002a94       __RTC_InitBase.rtc$IMZ     10024a94     dllmain.obj
 0003:00002da4       __RTC_Shutdown.rtc$TMZ     10024da4     AndorNeoDll.obj
 0003:00002da8       __RTC_Shutdown.rtc$TMZ     10024da8     dllmain.obj
 0003:00002fb8       __ehfuncinfo$??0?$basic_string@DU?$char_traits@D@std@@V?$allocator@D@2@@std@@QAE@XZ 10024fb8     AndorNeoDll.obj
 0003:00002fe0       __ehfuncinfo$?_Tidy_deallocate@?$basic_string@DU?$char_traits@D@std@@V?$allocator@D@2@@std@@AAEXXZ 10024fe0     AndorNeoDll.obj
 0003:00003008       __unwindtable$?handle_error@@YAHHH@Z 10025008     AndorNeoDll.obj
 0003:00003010       __ehfuncinfo$?handle_error@@YAHHH@Z 10025010     AndorNeoDll.obj
 0003:00003038       __unwindtable$??0?$basic_ofstream@DU?$char_traits@D@std@@@std@@QAE@XZ 10025038     AndorNeoDll.obj
 0003:00003048       __ehfuncinfo$??0?$basic_ofstream@DU?$char_traits@D@std@@@std@@QAE@XZ 10025048     AndorNeoDll.obj
 0003:00003074       __unwindtable$??0?$basic_filebuf@DU?$char_traits@D@std@@@std@@QAE@XZ 10025074     AndorNeoDll.obj
 0003:0000307c       __ehfuncinfo$??0?$basic_filebuf@DU?$char_traits@D@std@@@std@@QAE@XZ 1002507c     AndorNeoDll.obj
 0003:000030a4       __ehfuncinfo$??1?$basic_filebuf@DU?$char_traits@D@std@@@std@@UAE@XZ 100250a4     AndorNeoDll.obj
 0003:000030cc       __unwindtable$?open@?$basic_filebuf@DU?$char_traits@D@std@@@std@@QAEPAV12@PBDHH@Z 100250cc     AndorNeoDll.obj
 0003:000030d4       __ehfuncinfo$?open@?$basic_filebuf@DU?$char_traits@D@std@@@std@@QAEPAV12@PBDHH@Z 100250d4     AndorNeoDll.obj
 0003:000030fc       __unwindtable$?uflow@?$basic_filebuf@DU?$char_traits@D@std@@@std@@MAEHXZ 100250fc     AndorNeoDll.obj
 0003:00003104       __ehfuncinfo$?uflow@?$basic_filebuf@DU?$char_traits@D@std@@@std@@MAEHXZ 10025104     AndorNeoDll.obj
 0003:0000312c       __catchsym$??$?6U?$char_traits@D@std@@@std@@YAAAV?$basic_ostream@DU?$char_traits@D@std@@@0@AAV10@PBD@Z$3 1002512c     AndorNeoDll.obj
 0003:0000313c       __tryblocktable$??$?6U?$char_traits@D@std@@@std@@YAAAV?$basic_ostream@DU?$char_traits@D@std@@@0@AAV10@PBD@Z 1002513c     AndorNeoDll.obj
 0003:00003150       __unwindtable$??$?6U?$char_traits@D@std@@@std@@YAAAV?$basic_ostream@DU?$char_traits@D@std@@@0@AAV10@PBD@Z 10025150     AndorNeoDll.obj
 0003:00003168       __ehfuncinfo$??$?6U?$char_traits@D@std@@@std@@YAAAV?$basic_ostream@DU?$char_traits@D@std@@@0@AAV10@PBD@Z 10025168     AndorNeoDll.obj
 0003:00003198       __unwindtable$??$use_facet@V?$codecvt@DDU_Mbstatet@@@std@@@std@@YAABV?$codecvt@DDU_Mbstatet@@@0@ABVlocale@0@@Z 10025198     AndorNeoDll.obj
 0003:000031a8       __ehfuncinfo$??$use_facet@V?$codecvt@DDU_Mbstatet@@@std@@@std@@YAABV?$codecvt@DDU_Mbstatet@@@0@ABVlocale@0@@Z 100251a8     AndorNeoDll.obj
 0003:000031d4       __ehfuncinfo$??1_Sentry_base@?$basic_ostream@DU?$char_traits@D@std@@@std@@QAE@XZ 100251d4     AndorNeoDll.obj
 0003:000031fc       __unwindtable$??0sentry@?$basic_ostream@DU?$char_traits@D@std@@@std@@QAE@AAV12@@Z 100251fc     AndorNeoDll.obj
 0003:00003204       __ehfuncinfo$??0sentry@?$basic_ostream@DU?$char_traits@D@std@@@std@@QAE@AAV12@@Z 10025204     AndorNeoDll.obj
 0003:0000322c       __ehfuncinfo$??1sentry@?$basic_ostream@DU?$char_traits@D@std@@@std@@QAE@XZ 1002522c     AndorNeoDll.obj
 0003:00003254       __ehfuncinfo$??$_Deallocate@$07$0A@@std@@YAXPAXI@Z 10025254     AndorNeoDll.obj
 0003:0000327c       __ehfuncinfo$??$_Deallocate_plain@V?$allocator@U_Container_proxy@std@@@std@@@std@@YAXAAV?$allocator@U_Container_proxy@std@@@0@QAU_Container_proxy@0@@Z 1002527c     AndorNeoDll.obj
 0003:00003370       __unwindtable$?_Facet_Register@std@@YAXPAV_Facet_base@1@@Z 10025370     msvcprtd:locale0_implib.obj
 0003:00003378       __ehfuncinfo$?_Facet_Register@std@@YAXPAV_Facet_base@1@@Z 10025378     msvcprtd:locale0_implib.obj
 0003:000033a0       __sehtable$?dllmain_crt_process_attach@@YAHQAUHINSTANCE__@@QAX@Z 100253a0     MSVCRTD:dll_dllmain.obj
 0003:000033c0       __sehtable$?dllmain_crt_process_detach@@YAH_N@Z 100253c0     MSVCRTD:dll_dllmain.obj
 0003:000033f0       __sehtable$?dllmain_dispatch@@YAHQAUHINSTANCE__@@KQAX@Z 100253f0     MSVCRTD:dll_dllmain.obj
 0003:00003410       __sehtable$___scrt_is_nonwritable_in_current_image 10025410     MSVCRTD:utility.obj
 0003:00003458       __sehtable$?notify_debugger@@YAXABUtagEXCEPTION_VISUALCPP_DEBUG_INFO@@@Z 10025458     MSVCRTD:error.obj
 0003:00003600       .edata                     10025600     AndorNeo.exp
 0003:00003628       rgpv                       10025628     AndorNeo.exp
 0003:00003638       rgszName                   10025638     AndorNeo.exp
 0003:00003648       rgwOrd                     10025648     AndorNeo.exp
 0003:00003650       szName                     10025650     AndorNeo.exp
 0003:0000365d       $N00001                    1002565d     AndorNeo.exp
 0003:0000366a       $N00002                    1002566a     AndorNeo.exp
 0003:00003675       $N00003                    10025675     AndorNeo.exp
 0003:00003683       $N00004                    10025683     AndorNeo.exp
 0004:000005d4       ?_Fac_head@std@@3PAU_Fac_node@1@A 100265d4     msvcprtd:locale0_implib.obj
 0004:000005d8       ?_Fac_tidy_reg@std@@3U_Fac_tidy_reg_t@1@B 100265d8     msvcprtd:locale0_implib.obj
 0004:000005da       ?init@?1??_RTC_InitBase@@9@4_NA 100265da     MSVCRTD:init.obj
 0004:000005dc       ?__proc_attached@@3HA      100265dc     MSVCRTD:dll_dllmain.obj
 0004:000005e8       ?is_initialized_as_dll@@3_NA 100265e8     MSVCRTD:utility.obj
 0004:000005e9       ?module_local_atexit_table_initialized@@3_NA 100265e9     MSVCRTD:utility.obj
 0004:000005ec       ?module_local_atexit_table@@3U_onexit_table_t@@A 100265ec     MSVCRTD:utility.obj
 0004:000005f8       ?module_local_at_quick_exit_table@@3U_onexit_table_t@@A 100265f8     MSVCRTD:utility.obj
 0004:0000061c       ?_RTC_ErrorReportFunc@@3P6AHHPBDH00ZZA 1002661c     MSVCRTD:userapi.obj
 0004:00000620       ?_RTC_ErrorReportFuncW@@3P6AHHPB_WH00ZZA 10026620     MSVCRTD:userapi.obj
 0004:00000658       _GS_ExceptionRecord        10026658     MSVCRTD:gs_report.obj
 0004:000006a8       _GS_ContextRecord          100266a8     MSVCRTD:gs_report.obj
 0004:00000a14       ?mspdb@@3PAUHINSTANCE__@@A 10026a14     MSVCRTD:pdblkup.obj
 0004:00000a18       ?alreadyTried@?1??GetPdbDll@@YAPAUHINSTANCE__@@XZ@4_NA 10026a18     MSVCRTD:pdblkup.obj
 0004:00000a19       ?PDBOK@?1??_RTC_GetSrcLine@@YAHPAEPA_WKPAH1K@Z@4_NA 10026a19     MSVCRTD:pdblkup.obj
 0005:000007a8       .idata$6                   100277a8     atcorem:atcore.dll
 0005:000014e0       .idata$6                   100284e0     msvcprtd:MSVCP140D.dll
 0005:00001640       .idata$6                   10028640     vcruntimed:VCRUNTIME140D.dll
 0005:000018d8       .idata$6                   100288d8     ucrtd:ucrtbased.dll
 0005:00001abc       .idata$6                   10028abc     kernel32:KERNEL32.dll
 0007:00000170       $R000000                   1002a170     * linker generated manifest res *

 Exports

  ordinal    name

        1    _close_cam@0
        2    _get_res@8
        3    _grab_image@8
        4    _init_cam@4
